2019-09-10 19:56:40,429 WARN main GUI - NO ICON FOR: group=options name=HTTP_PROXY
2019-09-10 19:56:43,074 WARN main GUI - NO ICON FOR: group=buttons name=import
2019-09-10 19:56:44,599 ERROR main PLUGINS - Failed to create plugin: My Plug-in 2
java.lang.ClassNotFoundException: myplugin2.MyPlugin2
	at java.net.URLClassLoader.findClass(URLClassLoader.java:381)
	at java.lang.ClassLoader.loadClass(ClassLoader.java:424)
	at java.lang.ClassLoader.loadClass(ClassLoader.java:357)
	at java.lang.Class.forName0(Native Method)
	at java.lang.Class.forName(Class.java:348)
	at com.nomagic.magicdraw.plugins.g.A(g.java:379)
	at com.nomagic.magicdraw.core.o.t(o.java:40)
	at com.nomagic.rcpf.product.i.a(i.java:277)
	at com.nomagic.rcpf.product.h.b(h.java:93)
	at com.nomagic.rcpf.product.h.a(h.java:77)
	at com.nomagic.magicdraw.core.Application.internalStart(Application.java:688)
	at com.nomagic.magicdraw.tests.common.TestEnvironment.startMagicDrawUML(TestEnvironment.java:129)
	at com.nomagic.magicdraw.tests.MDTestRunnerUtils.startMagicDraw(MDTestRunnerUtils.java:21)
	at com.nomagic.magicdraw.tests.MagicDrawTestRunner.<init>(MagicDrawTestRunner.java:24)
	at sun.reflect.NativeConstructorAccessorImpl.newInstance0(Native Method)
	at sun.reflect.NativeConstructorAccessorImpl.newInstance(NativeConstructorAccessorImpl.java:62)
	at sun.reflect.DelegatingConstructorAccessorImpl.newInstance(DelegatingConstructorAccessorImpl.java:45)
	at java.lang.reflect.Constructor.newInstance(Constructor.java:423)
	at org.junit.internal.builders.AnnotatedBuilder.buildRunner(AnnotatedBuilder.java:104)
	at org.junit.vintage.engine.discovery.DefensiveAllDefaultPossibilitiesBuilder$DefensiveAnnotatedBuilder.buildRunner(DefensiveAllDefaultPossibilitiesBuilder.java:74)
	at org.junit.internal.builders.AnnotatedBuilder.runnerForClass(AnnotatedBuilder.java:86)
	at org.junit.runners.model.RunnerBuilder.safeRunnerForClass(RunnerBuilder.java:59)
	at org.junit.internal.builders.AllDefaultPossibilitiesBuilder.runnerForClass(AllDefaultPossibilitiesBuilder.java:26)
	at org.junit.runners.model.RunnerBuilder.safeRunnerForClass(RunnerBuilder.java:59)
	at org.junit.vintage.engine.discovery.TestClassRequestResolver.createRunnerTestDescriptor(TestClassRequestResolver.java:54)
	at org.junit.vintage.engine.discovery.VintageDiscoverer.lambda$discover$0(VintageDiscoverer.java:53)
	at java.util.stream.ReferencePipeline$3$1.accept(ReferencePipeline.java:193)
	at java.util.stream.ReferencePipeline$3$1.accept(ReferencePipeline.java:193)
	at java.util.Iterator.forEachRemaining(Iterator.java:116)
	at java.util.Spliterators$IteratorSpliterator.forEachRemaining(Spliterators.java:1801)
	at java.util.stream.AbstractPipeline.copyInto(AbstractPipeline.java:481)
	at java.util.stream.AbstractPipeline.wrapAndCopyInto(AbstractPipeline.java:471)
	at java.util.stream.StreamSpliterators$WrappingSpliterator.forEachRemaining(StreamSpliterators.java:312)
	at java.util.stream.Streams$ConcatSpliterator.forEachRemaining(Streams.java:742)
	at java.util.stream.AbstractPipeline.copyInto(AbstractPipeline.java:481)
	at java.util.stream.AbstractPipeline.wrapAndCopyInto(AbstractPipeline.java:471)
	at java.util.stream.ForEachOps$ForEachOp.evaluateSequential(ForEachOps.java:151)
	at java.util.stream.ForEachOps$ForEachOp$OfRef.evaluateSequential(ForEachOps.java:174)
	at java.util.stream.AbstractPipeline.evaluate(AbstractPipeline.java:234)
	at java.util.stream.ReferencePipeline.forEach(ReferencePipeline.java:418)
	at org.junit.vintage.engine.discovery.VintageDiscoverer.discover(VintageDiscoverer.java:55)
	at org.junit.vintage.engine.VintageTestEngine.discover(VintageTestEngine.java:65)
	at org.junit.platform.launcher.core.DefaultLauncher.discoverEngineRoot(DefaultLauncher.java:130)
	at org.junit.platform.launcher.core.DefaultLauncher.discoverRoot(DefaultLauncher.java:117)
	at org.junit.platform.launcher.core.DefaultLauncher.execute(DefaultLauncher.java:90)
	at com.intellij.junit5.JUnit5IdeaTestRunner.startRunnerWithArgs(JUnit5IdeaTestRunner.java:69)
	at com.intellij.rt.execution.junit.IdeaTestRunner$Repeater.startRunnerWithArgs(IdeaTestRunner.java:47)
	at com.intellij.rt.execution.junit.JUnitStarter.prepareStreamsAndStart(JUnitStarter.java:242)
	at com.intellij.rt.execution.junit.JUnitStarter.main(JUnitStarter.java:70)
	at sun.reflect.NativeMethodAccessorImpl.invoke0(Native Method)
	at sun.reflect.NativeMethodAccessorImpl.invoke(NativeMethodAccessorImpl.java:62)
	at sun.reflect.DelegatingMethodAccessorImpl.invoke(DelegatingMethodAccessorImpl.java:43)
	at java.lang.reflect.Method.invoke(Method.java:498)
	at com.nomagic.magicdraw.MainMethodLauncher.launch(MainMethodLauncher.java:26)
	at com.nomagic.magicdraw.ApplicationGateway.start(ApplicationGateway.java:46)
	at org.eclipse.equinox.internal.app.EclipseAppHandle.run(EclipseAppHandle.java:196)
	at org.eclipse.core.runtime.internal.adaptor.EclipseAppLauncher.runApplication(EclipseAppLauncher.java:134)
	at org.eclipse.core.runtime.internal.adaptor.EclipseAppLauncher.start(EclipseAppLauncher.java:104)
	at org.eclipse.core.runtime.adaptor.EclipseStarter.run(EclipseStarter.java:388)
	at com.nomagic.osgi.launcher.FrameworkLauncher$DefaultApplication.run(FrameworkLauncher.java:227)
	at com.nomagic.osgi.launcher.FrameworkLauncher.runFrameworkApplication(FrameworkLauncher.java:177)
	at com.nomagic.osgi.launcher.FrameworkLauncher.run(FrameworkLauncher.java:114)
	at com.nomagic.osgi.launcher.FrameworkLauncher.run(FrameworkLauncher.java:93)
	at com.nomagic.osgi.launcher.ProductionFrameworkLauncher.run(ProductionFrameworkLauncher.java:66)
	at com.nomagic.osgi.launcher.ProductionFrameworkLauncher.main(ProductionFrameworkLauncher.java:53)
	at sun.reflect.NativeMethodAccessorImpl.invoke0(Native Method)
	at sun.reflect.NativeMethodAccessorImpl.invoke(NativeMethodAccessorImpl.java:62)
	at sun.reflect.DelegatingMethodAccessorImpl.invoke(DelegatingMethodAccessorImpl.java:43)
	at java.lang.reflect.Method.invoke(Method.java:498)
	at com.nomagic.magicdraw.intellij.Launcher.invokeMainMethod(Launcher.java:343)
	at com.nomagic.magicdraw.intellij.Launcher.launchFramework(Launcher.java:336)
	at com.nomagic.magicdraw.intellij.Launcher.launch(Launcher.java:113)
	at com.nomagic.magicdraw.intellij.Launcher.main(Launcher.java:100)
2019-09-10 19:56:44,927 ERROR main PLUGINS - Failed to create plugin: Model2Pivot
java.lang.ClassNotFoundException: com.renault.dira.api.md.PivotFormatsPlugin
	at java.net.URLClassLoader.findClass(URLClassLoader.java:381)
	at java.lang.ClassLoader.loadClass(ClassLoader.java:424)
	at java.lang.ClassLoader.loadClass(ClassLoader.java:357)
	at java.lang.Class.forName0(Native Method)
	at java.lang.Class.forName(Class.java:348)
	at com.nomagic.magicdraw.plugins.g.A(g.java:379)
	at com.nomagic.magicdraw.core.o.t(o.java:40)
	at com.nomagic.rcpf.product.i.a(i.java:277)
	at com.nomagic.rcpf.product.h.b(h.java:93)
	at com.nomagic.rcpf.product.h.a(h.java:77)
	at com.nomagic.magicdraw.core.Application.internalStart(Application.java:688)
	at com.nomagic.magicdraw.tests.common.TestEnvironment.startMagicDrawUML(TestEnvironment.java:129)
	at com.nomagic.magicdraw.tests.MDTestRunnerUtils.startMagicDraw(MDTestRunnerUtils.java:21)
	at com.nomagic.magicdraw.tests.MagicDrawTestRunner.<init>(MagicDrawTestRunner.java:24)
	at sun.reflect.NativeConstructorAccessorImpl.newInstance0(Native Method)
	at sun.reflect.NativeConstructorAccessorImpl.newInstance(NativeConstructorAccessorImpl.java:62)
	at sun.reflect.DelegatingConstructorAccessorImpl.newInstance(DelegatingConstructorAccessorImpl.java:45)
	at java.lang.reflect.Constructor.newInstance(Constructor.java:423)
	at org.junit.internal.builders.AnnotatedBuilder.buildRunner(AnnotatedBuilder.java:104)
	at org.junit.vintage.engine.discovery.DefensiveAllDefaultPossibilitiesBuilder$DefensiveAnnotatedBuilder.buildRunner(DefensiveAllDefaultPossibilitiesBuilder.java:74)
	at org.junit.internal.builders.AnnotatedBuilder.runnerForClass(AnnotatedBuilder.java:86)
	at org.junit.runners.model.RunnerBuilder.safeRunnerForClass(RunnerBuilder.java:59)
	at org.junit.internal.builders.AllDefaultPossibilitiesBuilder.runnerForClass(AllDefaultPossibilitiesBuilder.java:26)
	at org.junit.runners.model.RunnerBuilder.safeRunnerForClass(RunnerBuilder.java:59)
	at org.junit.vintage.engine.discovery.TestClassRequestResolver.createRunnerTestDescriptor(TestClassRequestResolver.java:54)
	at org.junit.vintage.engine.discovery.VintageDiscoverer.lambda$discover$0(VintageDiscoverer.java:53)
	at java.util.stream.ReferencePipeline$3$1.accept(ReferencePipeline.java:193)
	at java.util.stream.ReferencePipeline$3$1.accept(ReferencePipeline.java:193)
	at java.util.Iterator.forEachRemaining(Iterator.java:116)
	at java.util.Spliterators$IteratorSpliterator.forEachRemaining(Spliterators.java:1801)
	at java.util.stream.AbstractPipeline.copyInto(AbstractPipeline.java:481)
	at java.util.stream.AbstractPipeline.wrapAndCopyInto(AbstractPipeline.java:471)
	at java.util.stream.StreamSpliterators$WrappingSpliterator.forEachRemaining(StreamSpliterators.java:312)
	at java.util.stream.Streams$ConcatSpliterator.forEachRemaining(Streams.java:742)
	at java.util.stream.AbstractPipeline.copyInto(AbstractPipeline.java:481)
	at java.util.stream.AbstractPipeline.wrapAndCopyInto(AbstractPipeline.java:471)
	at java.util.stream.ForEachOps$ForEachOp.evaluateSequential(ForEachOps.java:151)
	at java.util.stream.ForEachOps$ForEachOp$OfRef.evaluateSequential(ForEachOps.java:174)
	at java.util.stream.AbstractPipeline.evaluate(AbstractPipeline.java:234)
	at java.util.stream.ReferencePipeline.forEach(ReferencePipeline.java:418)
	at org.junit.vintage.engine.discovery.VintageDiscoverer.discover(VintageDiscoverer.java:55)
	at org.junit.vintage.engine.VintageTestEngine.discover(VintageTestEngine.java:65)
	at org.junit.platform.launcher.core.DefaultLauncher.discoverEngineRoot(DefaultLauncher.java:130)
	at org.junit.platform.launcher.core.DefaultLauncher.discoverRoot(DefaultLauncher.java:117)
	at org.junit.platform.launcher.core.DefaultLauncher.execute(DefaultLauncher.java:90)
	at com.intellij.junit5.JUnit5IdeaTestRunner.startRunnerWithArgs(JUnit5IdeaTestRunner.java:69)
	at com.intellij.rt.execution.junit.IdeaTestRunner$Repeater.startRunnerWithArgs(IdeaTestRunner.java:47)
	at com.intellij.rt.execution.junit.JUnitStarter.prepareStreamsAndStart(JUnitStarter.java:242)
	at com.intellij.rt.execution.junit.JUnitStarter.main(JUnitStarter.java:70)
	at sun.reflect.NativeMethodAccessorImpl.invoke0(Native Method)
	at sun.reflect.NativeMethodAccessorImpl.invoke(NativeMethodAccessorImpl.java:62)
	at sun.reflect.DelegatingMethodAccessorImpl.invoke(DelegatingMethodAccessorImpl.java:43)
	at java.lang.reflect.Method.invoke(Method.java:498)
	at com.nomagic.magicdraw.MainMethodLauncher.launch(MainMethodLauncher.java:26)
	at com.nomagic.magicdraw.ApplicationGateway.start(ApplicationGateway.java:46)
	at org.eclipse.equinox.internal.app.EclipseAppHandle.run(EclipseAppHandle.java:196)
	at org.eclipse.core.runtime.internal.adaptor.EclipseAppLauncher.runApplication(EclipseAppLauncher.java:134)
	at org.eclipse.core.runtime.internal.adaptor.EclipseAppLauncher.start(EclipseAppLauncher.java:104)
	at org.eclipse.core.runtime.adaptor.EclipseStarter.run(EclipseStarter.java:388)
	at com.nomagic.osgi.launcher.FrameworkLauncher$DefaultApplication.run(FrameworkLauncher.java:227)
	at com.nomagic.osgi.launcher.FrameworkLauncher.runFrameworkApplication(FrameworkLauncher.java:177)
	at com.nomagic.osgi.launcher.FrameworkLauncher.run(FrameworkLauncher.java:114)
	at com.nomagic.osgi.launcher.FrameworkLauncher.run(FrameworkLauncher.java:93)
	at com.nomagic.osgi.launcher.ProductionFrameworkLauncher.run(ProductionFrameworkLauncher.java:66)
	at com.nomagic.osgi.launcher.ProductionFrameworkLauncher.main(ProductionFrameworkLauncher.java:53)
	at sun.reflect.NativeMethodAccessorImpl.invoke0(Native Method)
	at sun.reflect.NativeMethodAccessorImpl.invoke(NativeMethodAccessorImpl.java:62)
	at sun.reflect.DelegatingMethodAccessorImpl.invoke(DelegatingMethodAccessorImpl.java:43)
	at java.lang.reflect.Method.invoke(Method.java:498)
	at com.nomagic.magicdraw.intellij.Launcher.invokeMainMethod(Launcher.java:343)
	at com.nomagic.magicdraw.intellij.Launcher.launchFramework(Launcher.java:336)
	at com.nomagic.magicdraw.intellij.Launcher.launch(Launcher.java:113)
	at com.nomagic.magicdraw.intellij.Launcher.main(Launcher.java:100)
2019-09-10 19:56:45,228 WARN main GUI - NO ICON FOR: group=options name=CODE_ENGINEERING
2019-09-10 19:56:45,379 WARN main GUI - NO ICON FOR: group=options name=REPORT_WIZARD_OPTIONS_GROUP
2019-09-10 19:56:47,160 WARN main GUI - NO ICON FOR: group=options name=options.automaton
2019-09-10 19:56:48,060 WARN main GUI - NO ICON FOR: group=options name=emf.uml2.v4.options.group.id
2019-09-10 19:56:48,069 WARN main GUI - NO ICON FOR: group=options name=emf.uml2.v5.options.group.id
2019-09-10 19:56:48,081 WARN main GUI - NO ICON FOR: group=options name=emf.uml2.v2.options.group.id
2019-09-10 19:56:48,089 WARN main GUI - NO ICON FOR: group=options name=emf.uml2.v3.options.group.id
2019-09-10 19:56:51,161 ERROR pool-MagicDraw-thread-1:Login GENERAL - Invalid host:port (s2326aos.mc2.renault.fr:3579).
com.nomagic.esi.api.messages.exceptions.LoginException: Invalid host:port (s2326aos.mc2.renault.fr:3579).
	at com.nomagic.esi.client.core.a.w.a(w.java:319)
	at com.nomagic.esi.client.core.a.w.open(w.java:279)
	at com.nomagic.esi.client.core.a.v.openSession(v.java:85)
	at com.nomagic.esi.client.core.a.v.openSession(v.java:71)
	at com.nomagic.esi.client.core.a.v.openSession(v.java:65)
	at com.nomagic.magicdraw.esi.session.i.ag(i.java:511)
	at com.nomagic.magicdraw.esi.session.i.Z(i.java:494)
	at com.nomagic.magicdraw.esi.session.i.b(i.java:472)
	at com.nomagic.magicdraw.esi.session.i.a(i.java:444)
	at com.nomagic.magicdraw.esi.session.i.ad(i.java:220)
	at com.nomagic.magicdraw.esi.session.s.a(s.java:255)
	at com.nomagic.magicdraw.esi.session.s.b(s.java:184)
	at com.nomagic.magicdraw.teamwork2.esi.b.esiLogin(b.java:215)
	at com.nomagic.magicdraw.teamwork2.esi.c.esiLogin(c.java:33)
	at com.nomagic.magicdraw.teamwork2.esi.b.login(b.java:69)
	at com.nomagic.magicdraw.teamwork2.esi.l.loginFromOptions(l.java:110)
	at com.nomagic.magicdraw.teamwork2.TeamworkService$LoginTask.execute(TeamworkService.java:235)
	at com.nomagic.task.Task.construct(Task.java:191)
	at com.nomagic.task.SwingWorker$2.call(SwingWorker.java:208)
	at java.util.concurrent.FutureTask.run(FutureTask.java:266)
	at com.nomagic.task.SwingWorker$SwingWorkerFuture.run(SwingWorker.java:594)
	at com.nomagic.task.BackportedThreadPoolExecutor$Worker.runTask(BackportedThreadPoolExecutor.java:1583)
	at com.nomagic.task.BackportedThreadPoolExecutor$Worker.run(BackportedThreadPoolExecutor.java:1614)
	at com.nomagic.task.PooledThread.run(PooledThread.java:64)
Caused by: java.lang.IllegalArgumentException: Address must be resolved.
	at com.nomagic.esi.net.a.r.<init>(r.java:37)
	at com.nomagic.esi.client.core.a.w.a(w.java:316)
	... 23 more
2019-09-10 19:56:51,685 WARN Thread-29 org.apache.axis.utils.JavaUtils - Unable to find required classes (javax.activation.DataHandler and javax.mail.internet.MimeMultipart). Attachment support is disabled.
2019-09-12 21:17:28,142 WARN main GUI - NO ICON FOR: group=options name=HTTP_PROXY
2019-09-12 21:17:30,799 WARN main GUI - NO ICON FOR: group=buttons name=import
2019-09-12 21:17:32,211 ERROR main PLUGINS - Failed to create plugin: My Plug-in 2
java.lang.ClassNotFoundException: myplugin2.MyPlugin2
	at java.net.URLClassLoader.findClass(URLClassLoader.java:381)
	at java.lang.ClassLoader.loadClass(ClassLoader.java:424)
	at java.lang.ClassLoader.loadClass(ClassLoader.java:357)
	at java.lang.Class.forName0(Native Method)
	at java.lang.Class.forName(Class.java:348)
	at com.nomagic.magicdraw.plugins.g.A(g.java:379)
	at com.nomagic.magicdraw.core.o.t(o.java:40)
	at com.nomagic.rcpf.product.i.a(i.java:277)
	at com.nomagic.rcpf.product.h.b(h.java:93)
	at com.nomagic.rcpf.product.h.a(h.java:77)
	at com.nomagic.magicdraw.core.Application.internalStart(Application.java:688)
	at com.nomagic.magicdraw.tests.common.TestEnvironment.startMagicDrawUML(TestEnvironment.java:129)
	at com.nomagic.magicdraw.tests.MDTestRunnerUtils.startMagicDraw(MDTestRunnerUtils.java:21)
	at com.nomagic.magicdraw.tests.MagicDrawTestRunner.<init>(MagicDrawTestRunner.java:24)
	at sun.reflect.NativeConstructorAccessorImpl.newInstance0(Native Method)
	at sun.reflect.NativeConstructorAccessorImpl.newInstance(NativeConstructorAccessorImpl.java:62)
	at sun.reflect.DelegatingConstructorAccessorImpl.newInstance(DelegatingConstructorAccessorImpl.java:45)
	at java.lang.reflect.Constructor.newInstance(Constructor.java:423)
	at org.junit.internal.builders.AnnotatedBuilder.buildRunner(AnnotatedBuilder.java:104)
	at org.junit.vintage.engine.discovery.DefensiveAllDefaultPossibilitiesBuilder$DefensiveAnnotatedBuilder.buildRunner(DefensiveAllDefaultPossibilitiesBuilder.java:74)
	at org.junit.internal.builders.AnnotatedBuilder.runnerForClass(AnnotatedBuilder.java:86)
	at org.junit.runners.model.RunnerBuilder.safeRunnerForClass(RunnerBuilder.java:59)
	at org.junit.internal.builders.AllDefaultPossibilitiesBuilder.runnerForClass(AllDefaultPossibilitiesBuilder.java:26)
	at org.junit.runners.model.RunnerBuilder.safeRunnerForClass(RunnerBuilder.java:59)
	at org.junit.vintage.engine.discovery.TestClassRequestResolver.createRunnerTestDescriptor(TestClassRequestResolver.java:54)
	at org.junit.vintage.engine.discovery.VintageDiscoverer.lambda$discover$0(VintageDiscoverer.java:53)
	at java.util.stream.ReferencePipeline$3$1.accept(ReferencePipeline.java:193)
	at java.util.stream.ReferencePipeline$3$1.accept(ReferencePipeline.java:193)
	at java.util.Iterator.forEachRemaining(Iterator.java:116)
	at java.util.Spliterators$IteratorSpliterator.forEachRemaining(Spliterators.java:1801)
	at java.util.stream.AbstractPipeline.copyInto(AbstractPipeline.java:481)
	at java.util.stream.AbstractPipeline.wrapAndCopyInto(AbstractPipeline.java:471)
	at java.util.stream.StreamSpliterators$WrappingSpliterator.forEachRemaining(StreamSpliterators.java:312)
	at java.util.stream.Streams$ConcatSpliterator.forEachRemaining(Streams.java:742)
	at java.util.stream.AbstractPipeline.copyInto(AbstractPipeline.java:481)
	at java.util.stream.AbstractPipeline.wrapAndCopyInto(AbstractPipeline.java:471)
	at java.util.stream.ForEachOps$ForEachOp.evaluateSequential(ForEachOps.java:151)
	at java.util.stream.ForEachOps$ForEachOp$OfRef.evaluateSequential(ForEachOps.java:174)
	at java.util.stream.AbstractPipeline.evaluate(AbstractPipeline.java:234)
	at java.util.stream.ReferencePipeline.forEach(ReferencePipeline.java:418)
	at org.junit.vintage.engine.discovery.VintageDiscoverer.discover(VintageDiscoverer.java:55)
	at org.junit.vintage.engine.VintageTestEngine.discover(VintageTestEngine.java:65)
	at org.junit.platform.launcher.core.DefaultLauncher.discoverEngineRoot(DefaultLauncher.java:130)
	at org.junit.platform.launcher.core.DefaultLauncher.discoverRoot(DefaultLauncher.java:117)
	at org.junit.platform.launcher.core.DefaultLauncher.execute(DefaultLauncher.java:90)
	at com.intellij.junit5.JUnit5IdeaTestRunner.startRunnerWithArgs(JUnit5IdeaTestRunner.java:69)
	at com.intellij.rt.execution.junit.IdeaTestRunner$Repeater.startRunnerWithArgs(IdeaTestRunner.java:47)
	at com.intellij.rt.execution.junit.JUnitStarter.prepareStreamsAndStart(JUnitStarter.java:242)
	at com.intellij.rt.execution.junit.JUnitStarter.main(JUnitStarter.java:70)
	at sun.reflect.NativeMethodAccessorImpl.invoke0(Native Method)
	at sun.reflect.NativeMethodAccessorImpl.invoke(NativeMethodAccessorImpl.java:62)
	at sun.reflect.DelegatingMethodAccessorImpl.invoke(DelegatingMethodAccessorImpl.java:43)
	at java.lang.reflect.Method.invoke(Method.java:498)
	at com.nomagic.magicdraw.MainMethodLauncher.launch(MainMethodLauncher.java:26)
	at com.nomagic.magicdraw.ApplicationGateway.start(ApplicationGateway.java:46)
	at org.eclipse.equinox.internal.app.EclipseAppHandle.run(EclipseAppHandle.java:196)
	at org.eclipse.core.runtime.internal.adaptor.EclipseAppLauncher.runApplication(EclipseAppLauncher.java:134)
	at org.eclipse.core.runtime.internal.adaptor.EclipseAppLauncher.start(EclipseAppLauncher.java:104)
	at org.eclipse.core.runtime.adaptor.EclipseStarter.run(EclipseStarter.java:388)
	at com.nomagic.osgi.launcher.FrameworkLauncher$DefaultApplication.run(FrameworkLauncher.java:227)
	at com.nomagic.osgi.launcher.FrameworkLauncher.runFrameworkApplication(FrameworkLauncher.java:177)
	at com.nomagic.osgi.launcher.FrameworkLauncher.run(FrameworkLauncher.java:114)
	at com.nomagic.osgi.launcher.FrameworkLauncher.run(FrameworkLauncher.java:93)
	at com.nomagic.osgi.launcher.ProductionFrameworkLauncher.run(ProductionFrameworkLauncher.java:66)
	at com.nomagic.osgi.launcher.ProductionFrameworkLauncher.main(ProductionFrameworkLauncher.java:53)
	at sun.reflect.NativeMethodAccessorImpl.invoke0(Native Method)
	at sun.reflect.NativeMethodAccessorImpl.invoke(NativeMethodAccessorImpl.java:62)
	at sun.reflect.DelegatingMethodAccessorImpl.invoke(DelegatingMethodAccessorImpl.java:43)
	at java.lang.reflect.Method.invoke(Method.java:498)
	at com.nomagic.magicdraw.intellij.Launcher.invokeMainMethod(Launcher.java:343)
	at com.nomagic.magicdraw.intellij.Launcher.launchFramework(Launcher.java:336)
	at com.nomagic.magicdraw.intellij.Launcher.launch(Launcher.java:113)
	at com.nomagic.magicdraw.intellij.Launcher.main(Launcher.java:100)
2019-09-12 21:17:32,375 ERROR main PLUGINS - Failed to create plugin: Model2Pivot
java.lang.ClassNotFoundException: com.renault.dira.api.md.PivotFormatsPlugin
	at java.net.URLClassLoader.findClass(URLClassLoader.java:381)
	at java.lang.ClassLoader.loadClass(ClassLoader.java:424)
	at java.lang.ClassLoader.loadClass(ClassLoader.java:357)
	at java.lang.Class.forName0(Native Method)
	at java.lang.Class.forName(Class.java:348)
	at com.nomagic.magicdraw.plugins.g.A(g.java:379)
	at com.nomagic.magicdraw.core.o.t(o.java:40)
	at com.nomagic.rcpf.product.i.a(i.java:277)
	at com.nomagic.rcpf.product.h.b(h.java:93)
	at com.nomagic.rcpf.product.h.a(h.java:77)
	at com.nomagic.magicdraw.core.Application.internalStart(Application.java:688)
	at com.nomagic.magicdraw.tests.common.TestEnvironment.startMagicDrawUML(TestEnvironment.java:129)
	at com.nomagic.magicdraw.tests.MDTestRunnerUtils.startMagicDraw(MDTestRunnerUtils.java:21)
	at com.nomagic.magicdraw.tests.MagicDrawTestRunner.<init>(MagicDrawTestRunner.java:24)
	at sun.reflect.NativeConstructorAccessorImpl.newInstance0(Native Method)
	at sun.reflect.NativeConstructorAccessorImpl.newInstance(NativeConstructorAccessorImpl.java:62)
	at sun.reflect.DelegatingConstructorAccessorImpl.newInstance(DelegatingConstructorAccessorImpl.java:45)
	at java.lang.reflect.Constructor.newInstance(Constructor.java:423)
	at org.junit.internal.builders.AnnotatedBuilder.buildRunner(AnnotatedBuilder.java:104)
	at org.junit.vintage.engine.discovery.DefensiveAllDefaultPossibilitiesBuilder$DefensiveAnnotatedBuilder.buildRunner(DefensiveAllDefaultPossibilitiesBuilder.java:74)
	at org.junit.internal.builders.AnnotatedBuilder.runnerForClass(AnnotatedBuilder.java:86)
	at org.junit.runners.model.RunnerBuilder.safeRunnerForClass(RunnerBuilder.java:59)
	at org.junit.internal.builders.AllDefaultPossibilitiesBuilder.runnerForClass(AllDefaultPossibilitiesBuilder.java:26)
	at org.junit.runners.model.RunnerBuilder.safeRunnerForClass(RunnerBuilder.java:59)
	at org.junit.vintage.engine.discovery.TestClassRequestResolver.createRunnerTestDescriptor(TestClassRequestResolver.java:54)
	at org.junit.vintage.engine.discovery.VintageDiscoverer.lambda$discover$0(VintageDiscoverer.java:53)
	at java.util.stream.ReferencePipeline$3$1.accept(ReferencePipeline.java:193)
	at java.util.stream.ReferencePipeline$3$1.accept(ReferencePipeline.java:193)
	at java.util.Iterator.forEachRemaining(Iterator.java:116)
	at java.util.Spliterators$IteratorSpliterator.forEachRemaining(Spliterators.java:1801)
	at java.util.stream.AbstractPipeline.copyInto(AbstractPipeline.java:481)
	at java.util.stream.AbstractPipeline.wrapAndCopyInto(AbstractPipeline.java:471)
	at java.util.stream.StreamSpliterators$WrappingSpliterator.forEachRemaining(StreamSpliterators.java:312)
	at java.util.stream.Streams$ConcatSpliterator.forEachRemaining(Streams.java:742)
	at java.util.stream.AbstractPipeline.copyInto(AbstractPipeline.java:481)
	at java.util.stream.AbstractPipeline.wrapAndCopyInto(AbstractPipeline.java:471)
	at java.util.stream.ForEachOps$ForEachOp.evaluateSequential(ForEachOps.java:151)
	at java.util.stream.ForEachOps$ForEachOp$OfRef.evaluateSequential(ForEachOps.java:174)
	at java.util.stream.AbstractPipeline.evaluate(AbstractPipeline.java:234)
	at java.util.stream.ReferencePipeline.forEach(ReferencePipeline.java:418)
	at org.junit.vintage.engine.discovery.VintageDiscoverer.discover(VintageDiscoverer.java:55)
	at org.junit.vintage.engine.VintageTestEngine.discover(VintageTestEngine.java:65)
	at org.junit.platform.launcher.core.DefaultLauncher.discoverEngineRoot(DefaultLauncher.java:130)
	at org.junit.platform.launcher.core.DefaultLauncher.discoverRoot(DefaultLauncher.java:117)
	at org.junit.platform.launcher.core.DefaultLauncher.execute(DefaultLauncher.java:90)
	at com.intellij.junit5.JUnit5IdeaTestRunner.startRunnerWithArgs(JUnit5IdeaTestRunner.java:69)
	at com.intellij.rt.execution.junit.IdeaTestRunner$Repeater.startRunnerWithArgs(IdeaTestRunner.java:47)
	at com.intellij.rt.execution.junit.JUnitStarter.prepareStreamsAndStart(JUnitStarter.java:242)
	at com.intellij.rt.execution.junit.JUnitStarter.main(JUnitStarter.java:70)
	at sun.reflect.NativeMethodAccessorImpl.invoke0(Native Method)
	at sun.reflect.NativeMethodAccessorImpl.invoke(NativeMethodAccessorImpl.java:62)
	at sun.reflect.DelegatingMethodAccessorImpl.invoke(DelegatingMethodAccessorImpl.java:43)
	at java.lang.reflect.Method.invoke(Method.java:498)
	at com.nomagic.magicdraw.MainMethodLauncher.launch(MainMethodLauncher.java:26)
	at com.nomagic.magicdraw.ApplicationGateway.start(ApplicationGateway.java:46)
	at org.eclipse.equinox.internal.app.EclipseAppHandle.run(EclipseAppHandle.java:196)
	at org.eclipse.core.runtime.internal.adaptor.EclipseAppLauncher.runApplication(EclipseAppLauncher.java:134)
	at org.eclipse.core.runtime.internal.adaptor.EclipseAppLauncher.start(EclipseAppLauncher.java:104)
	at org.eclipse.core.runtime.adaptor.EclipseStarter.run(EclipseStarter.java:388)
	at com.nomagic.osgi.launcher.FrameworkLauncher$DefaultApplication.run(FrameworkLauncher.java:227)
	at com.nomagic.osgi.launcher.FrameworkLauncher.runFrameworkApplication(FrameworkLauncher.java:177)
	at com.nomagic.osgi.launcher.FrameworkLauncher.run(FrameworkLauncher.java:114)
	at com.nomagic.osgi.launcher.FrameworkLauncher.run(FrameworkLauncher.java:93)
	at com.nomagic.osgi.launcher.ProductionFrameworkLauncher.run(ProductionFrameworkLauncher.java:66)
	at com.nomagic.osgi.launcher.ProductionFrameworkLauncher.main(ProductionFrameworkLauncher.java:53)
	at sun.reflect.NativeMethodAccessorImpl.invoke0(Native Method)
	at sun.reflect.NativeMethodAccessorImpl.invoke(NativeMethodAccessorImpl.java:62)
	at sun.reflect.DelegatingMethodAccessorImpl.invoke(DelegatingMethodAccessorImpl.java:43)
	at java.lang.reflect.Method.invoke(Method.java:498)
	at com.nomagic.magicdraw.intellij.Launcher.invokeMainMethod(Launcher.java:343)
	at com.nomagic.magicdraw.intellij.Launcher.launchFramework(Launcher.java:336)
	at com.nomagic.magicdraw.intellij.Launcher.launch(Launcher.java:113)
	at com.nomagic.magicdraw.intellij.Launcher.main(Launcher.java:100)
2019-09-12 21:17:32,738 WARN main GUI - NO ICON FOR: group=options name=CODE_ENGINEERING
2019-09-12 21:17:32,873 WARN main GUI - NO ICON FOR: group=options name=REPORT_WIZARD_OPTIONS_GROUP
2019-09-12 21:17:34,477 WARN main GUI - NO ICON FOR: group=options name=options.automaton
2019-09-12 21:17:34,986 WARN main GUI - NO ICON FOR: group=options name=emf.uml2.v4.options.group.id
2019-09-12 21:17:34,995 WARN main GUI - NO ICON FOR: group=options name=emf.uml2.v5.options.group.id
2019-09-12 21:17:35,006 WARN main GUI - NO ICON FOR: group=options name=emf.uml2.v2.options.group.id
2019-09-12 21:17:35,013 WARN main GUI - NO ICON FOR: group=options name=emf.uml2.v3.options.group.id
2019-09-12 21:17:38,328 ERROR pool-MagicDraw-thread-1:Login GENERAL - Invalid host:port (s2326aos.mc2.renault.fr:3579).
com.nomagic.esi.api.messages.exceptions.LoginException: Invalid host:port (s2326aos.mc2.renault.fr:3579).
	at com.nomagic.esi.client.core.a.w.a(w.java:319)
	at com.nomagic.esi.client.core.a.w.open(w.java:279)
	at com.nomagic.esi.client.core.a.v.openSession(v.java:85)
	at com.nomagic.esi.client.core.a.v.openSession(v.java:71)
	at com.nomagic.esi.client.core.a.v.openSession(v.java:65)
	at com.nomagic.magicdraw.esi.session.i.ag(i.java:511)
	at com.nomagic.magicdraw.esi.session.i.Z(i.java:494)
	at com.nomagic.magicdraw.esi.session.i.b(i.java:472)
	at com.nomagic.magicdraw.esi.session.i.a(i.java:444)
	at com.nomagic.magicdraw.esi.session.i.ad(i.java:220)
	at com.nomagic.magicdraw.esi.session.s.a(s.java:255)
	at com.nomagic.magicdraw.esi.session.s.b(s.java:184)
	at com.nomagic.magicdraw.teamwork2.esi.b.esiLogin(b.java:215)
	at com.nomagic.magicdraw.teamwork2.esi.c.esiLogin(c.java:33)
	at com.nomagic.magicdraw.teamwork2.esi.b.login(b.java:69)
	at com.nomagic.magicdraw.teamwork2.esi.l.loginFromOptions(l.java:110)
	at com.nomagic.magicdraw.teamwork2.TeamworkService$LoginTask.execute(TeamworkService.java:235)
	at com.nomagic.task.Task.construct(Task.java:191)
	at com.nomagic.task.SwingWorker$2.call(SwingWorker.java:208)
	at java.util.concurrent.FutureTask.run(FutureTask.java:266)
	at com.nomagic.task.SwingWorker$SwingWorkerFuture.run(SwingWorker.java:594)
	at com.nomagic.task.BackportedThreadPoolExecutor$Worker.runTask(BackportedThreadPoolExecutor.java:1583)
	at com.nomagic.task.BackportedThreadPoolExecutor$Worker.run(BackportedThreadPoolExecutor.java:1614)
	at com.nomagic.task.PooledThread.run(PooledThread.java:64)
Caused by: java.lang.IllegalArgumentException: Address must be resolved.
	at com.nomagic.esi.net.a.r.<init>(r.java:37)
	at com.nomagic.esi.client.core.a.w.a(w.java:316)
	... 23 more
2019-09-12 21:17:39,102 WARN Thread-29 org.apache.axis.utils.JavaUtils - Unable to find required classes (javax.activation.DataHandler and javax.mail.internet.MimeMultipart). Attachment support is disabled.
2019-09-12 21:30:43,763 WARN main GUI - NO ICON FOR: group=options name=HTTP_PROXY
2019-09-12 21:30:45,935 WARN main GUI - NO ICON FOR: group=buttons name=import
2019-09-12 21:30:47,081 ERROR main PLUGINS - Failed to create plugin: My Plug-in 2
java.lang.ClassNotFoundException: myplugin2.MyPlugin2
	at java.net.URLClassLoader.findClass(URLClassLoader.java:381)
	at java.lang.ClassLoader.loadClass(ClassLoader.java:424)
	at java.lang.ClassLoader.loadClass(ClassLoader.java:357)
	at java.lang.Class.forName0(Native Method)
	at java.lang.Class.forName(Class.java:348)
	at com.nomagic.magicdraw.plugins.g.A(g.java:379)
	at com.nomagic.magicdraw.core.o.t(o.java:40)
	at com.nomagic.rcpf.product.i.a(i.java:277)
	at com.nomagic.rcpf.product.h.b(h.java:93)
	at com.nomagic.rcpf.product.h.a(h.java:77)
	at com.nomagic.magicdraw.core.Application.internalStart(Application.java:688)
	at com.nomagic.magicdraw.tests.common.TestEnvironment.startMagicDrawUML(TestEnvironment.java:129)
	at com.nomagic.magicdraw.tests.MDTestRunnerUtils.startMagicDraw(MDTestRunnerUtils.java:21)
	at com.nomagic.magicdraw.tests.MagicDrawTestRunner.<init>(MagicDrawTestRunner.java:24)
	at sun.reflect.NativeConstructorAccessorImpl.newInstance0(Native Method)
	at sun.reflect.NativeConstructorAccessorImpl.newInstance(NativeConstructorAccessorImpl.java:62)
	at sun.reflect.DelegatingConstructorAccessorImpl.newInstance(DelegatingConstructorAccessorImpl.java:45)
	at java.lang.reflect.Constructor.newInstance(Constructor.java:423)
	at org.junit.internal.builders.AnnotatedBuilder.buildRunner(AnnotatedBuilder.java:104)
	at org.junit.vintage.engine.discovery.DefensiveAllDefaultPossibilitiesBuilder$DefensiveAnnotatedBuilder.buildRunner(DefensiveAllDefaultPossibilitiesBuilder.java:74)
	at org.junit.internal.builders.AnnotatedBuilder.runnerForClass(AnnotatedBuilder.java:86)
	at org.junit.runners.model.RunnerBuilder.safeRunnerForClass(RunnerBuilder.java:59)
	at org.junit.internal.builders.AllDefaultPossibilitiesBuilder.runnerForClass(AllDefaultPossibilitiesBuilder.java:26)
	at org.junit.runners.model.RunnerBuilder.safeRunnerForClass(RunnerBuilder.java:59)
	at org.junit.vintage.engine.discovery.TestClassRequestResolver.createRunnerTestDescriptor(TestClassRequestResolver.java:54)
	at org.junit.vintage.engine.discovery.VintageDiscoverer.lambda$discover$0(VintageDiscoverer.java:53)
	at java.util.stream.ReferencePipeline$3$1.accept(ReferencePipeline.java:193)
	at java.util.stream.ReferencePipeline$3$1.accept(ReferencePipeline.java:193)
	at java.util.Iterator.forEachRemaining(Iterator.java:116)
	at java.util.Spliterators$IteratorSpliterator.forEachRemaining(Spliterators.java:1801)
	at java.util.stream.AbstractPipeline.copyInto(AbstractPipeline.java:481)
	at java.util.stream.AbstractPipeline.wrapAndCopyInto(AbstractPipeline.java:471)
	at java.util.stream.StreamSpliterators$WrappingSpliterator.forEachRemaining(StreamSpliterators.java:312)
	at java.util.stream.Streams$ConcatSpliterator.forEachRemaining(Streams.java:742)
	at java.util.stream.AbstractPipeline.copyInto(AbstractPipeline.java:481)
	at java.util.stream.AbstractPipeline.wrapAndCopyInto(AbstractPipeline.java:471)
	at java.util.stream.ForEachOps$ForEachOp.evaluateSequential(ForEachOps.java:151)
	at java.util.stream.ForEachOps$ForEachOp$OfRef.evaluateSequential(ForEachOps.java:174)
	at java.util.stream.AbstractPipeline.evaluate(AbstractPipeline.java:234)
	at java.util.stream.ReferencePipeline.forEach(ReferencePipeline.java:418)
	at org.junit.vintage.engine.discovery.VintageDiscoverer.discover(VintageDiscoverer.java:55)
	at org.junit.vintage.engine.VintageTestEngine.discover(VintageTestEngine.java:65)
	at org.junit.platform.launcher.core.DefaultLauncher.discoverEngineRoot(DefaultLauncher.java:130)
	at org.junit.platform.launcher.core.DefaultLauncher.discoverRoot(DefaultLauncher.java:117)
	at org.junit.platform.launcher.core.DefaultLauncher.execute(DefaultLauncher.java:90)
	at com.intellij.junit5.JUnit5IdeaTestRunner.startRunnerWithArgs(JUnit5IdeaTestRunner.java:69)
	at com.intellij.rt.execution.junit.IdeaTestRunner$Repeater.startRunnerWithArgs(IdeaTestRunner.java:47)
	at com.intellij.rt.execution.junit.JUnitStarter.prepareStreamsAndStart(JUnitStarter.java:242)
	at com.intellij.rt.execution.junit.JUnitStarter.main(JUnitStarter.java:70)
	at sun.reflect.NativeMethodAccessorImpl.invoke0(Native Method)
	at sun.reflect.NativeMethodAccessorImpl.invoke(NativeMethodAccessorImpl.java:62)
	at sun.reflect.DelegatingMethodAccessorImpl.invoke(DelegatingMethodAccessorImpl.java:43)
	at java.lang.reflect.Method.invoke(Method.java:498)
	at com.nomagic.magicdraw.MainMethodLauncher.launch(MainMethodLauncher.java:26)
	at com.nomagic.magicdraw.ApplicationGateway.start(ApplicationGateway.java:46)
	at org.eclipse.equinox.internal.app.EclipseAppHandle.run(EclipseAppHandle.java:196)
	at org.eclipse.core.runtime.internal.adaptor.EclipseAppLauncher.runApplication(EclipseAppLauncher.java:134)
	at org.eclipse.core.runtime.internal.adaptor.EclipseAppLauncher.start(EclipseAppLauncher.java:104)
	at org.eclipse.core.runtime.adaptor.EclipseStarter.run(EclipseStarter.java:388)
	at com.nomagic.osgi.launcher.FrameworkLauncher$DefaultApplication.run(FrameworkLauncher.java:227)
	at com.nomagic.osgi.launcher.FrameworkLauncher.runFrameworkApplication(FrameworkLauncher.java:177)
	at com.nomagic.osgi.launcher.FrameworkLauncher.run(FrameworkLauncher.java:114)
	at com.nomagic.osgi.launcher.FrameworkLauncher.run(FrameworkLauncher.java:93)
	at com.nomagic.osgi.launcher.ProductionFrameworkLauncher.run(ProductionFrameworkLauncher.java:66)
	at com.nomagic.osgi.launcher.ProductionFrameworkLauncher.main(ProductionFrameworkLauncher.java:53)
	at sun.reflect.NativeMethodAccessorImpl.invoke0(Native Method)
	at sun.reflect.NativeMethodAccessorImpl.invoke(NativeMethodAccessorImpl.java:62)
	at sun.reflect.DelegatingMethodAccessorImpl.invoke(DelegatingMethodAccessorImpl.java:43)
	at java.lang.reflect.Method.invoke(Method.java:498)
	at com.nomagic.magicdraw.intellij.Launcher.invokeMainMethod(Launcher.java:343)
	at com.nomagic.magicdraw.intellij.Launcher.launchFramework(Launcher.java:336)
	at com.nomagic.magicdraw.intellij.Launcher.launch(Launcher.java:113)
	at com.nomagic.magicdraw.intellij.Launcher.main(Launcher.java:100)
2019-09-12 21:30:47,218 ERROR main PLUGINS - Failed to create plugin: Model2Pivot
java.lang.ClassNotFoundException: com.renault.dira.api.md.PivotFormatsPlugin
	at java.net.URLClassLoader.findClass(URLClassLoader.java:381)
	at java.lang.ClassLoader.loadClass(ClassLoader.java:424)
	at java.lang.ClassLoader.loadClass(ClassLoader.java:357)
	at java.lang.Class.forName0(Native Method)
	at java.lang.Class.forName(Class.java:348)
	at com.nomagic.magicdraw.plugins.g.A(g.java:379)
	at com.nomagic.magicdraw.core.o.t(o.java:40)
	at com.nomagic.rcpf.product.i.a(i.java:277)
	at com.nomagic.rcpf.product.h.b(h.java:93)
	at com.nomagic.rcpf.product.h.a(h.java:77)
	at com.nomagic.magicdraw.core.Application.internalStart(Application.java:688)
	at com.nomagic.magicdraw.tests.common.TestEnvironment.startMagicDrawUML(TestEnvironment.java:129)
	at com.nomagic.magicdraw.tests.MDTestRunnerUtils.startMagicDraw(MDTestRunnerUtils.java:21)
	at com.nomagic.magicdraw.tests.MagicDrawTestRunner.<init>(MagicDrawTestRunner.java:24)
	at sun.reflect.NativeConstructorAccessorImpl.newInstance0(Native Method)
	at sun.reflect.NativeConstructorAccessorImpl.newInstance(NativeConstructorAccessorImpl.java:62)
	at sun.reflect.DelegatingConstructorAccessorImpl.newInstance(DelegatingConstructorAccessorImpl.java:45)
	at java.lang.reflect.Constructor.newInstance(Constructor.java:423)
	at org.junit.internal.builders.AnnotatedBuilder.buildRunner(AnnotatedBuilder.java:104)
	at org.junit.vintage.engine.discovery.DefensiveAllDefaultPossibilitiesBuilder$DefensiveAnnotatedBuilder.buildRunner(DefensiveAllDefaultPossibilitiesBuilder.java:74)
	at org.junit.internal.builders.AnnotatedBuilder.runnerForClass(AnnotatedBuilder.java:86)
	at org.junit.runners.model.RunnerBuilder.safeRunnerForClass(RunnerBuilder.java:59)
	at org.junit.internal.builders.AllDefaultPossibilitiesBuilder.runnerForClass(AllDefaultPossibilitiesBuilder.java:26)
	at org.junit.runners.model.RunnerBuilder.safeRunnerForClass(RunnerBuilder.java:59)
	at org.junit.vintage.engine.discovery.TestClassRequestResolver.createRunnerTestDescriptor(TestClassRequestResolver.java:54)
	at org.junit.vintage.engine.discovery.VintageDiscoverer.lambda$discover$0(VintageDiscoverer.java:53)
	at java.util.stream.ReferencePipeline$3$1.accept(ReferencePipeline.java:193)
	at java.util.stream.ReferencePipeline$3$1.accept(ReferencePipeline.java:193)
	at java.util.Iterator.forEachRemaining(Iterator.java:116)
	at java.util.Spliterators$IteratorSpliterator.forEachRemaining(Spliterators.java:1801)
	at java.util.stream.AbstractPipeline.copyInto(AbstractPipeline.java:481)
	at java.util.stream.AbstractPipeline.wrapAndCopyInto(AbstractPipeline.java:471)
	at java.util.stream.StreamSpliterators$WrappingSpliterator.forEachRemaining(StreamSpliterators.java:312)
	at java.util.stream.Streams$ConcatSpliterator.forEachRemaining(Streams.java:742)
	at java.util.stream.AbstractPipeline.copyInto(AbstractPipeline.java:481)
	at java.util.stream.AbstractPipeline.wrapAndCopyInto(AbstractPipeline.java:471)
	at java.util.stream.ForEachOps$ForEachOp.evaluateSequential(ForEachOps.java:151)
	at java.util.stream.ForEachOps$ForEachOp$OfRef.evaluateSequential(ForEachOps.java:174)
	at java.util.stream.AbstractPipeline.evaluate(AbstractPipeline.java:234)
	at java.util.stream.ReferencePipeline.forEach(ReferencePipeline.java:418)
	at org.junit.vintage.engine.discovery.VintageDiscoverer.discover(VintageDiscoverer.java:55)
	at org.junit.vintage.engine.VintageTestEngine.discover(VintageTestEngine.java:65)
	at org.junit.platform.launcher.core.DefaultLauncher.discoverEngineRoot(DefaultLauncher.java:130)
	at org.junit.platform.launcher.core.DefaultLauncher.discoverRoot(DefaultLauncher.java:117)
	at org.junit.platform.launcher.core.DefaultLauncher.execute(DefaultLauncher.java:90)
	at com.intellij.junit5.JUnit5IdeaTestRunner.startRunnerWithArgs(JUnit5IdeaTestRunner.java:69)
	at com.intellij.rt.execution.junit.IdeaTestRunner$Repeater.startRunnerWithArgs(IdeaTestRunner.java:47)
	at com.intellij.rt.execution.junit.JUnitStarter.prepareStreamsAndStart(JUnitStarter.java:242)
	at com.intellij.rt.execution.junit.JUnitStarter.main(JUnitStarter.java:70)
	at sun.reflect.NativeMethodAccessorImpl.invoke0(Native Method)
	at sun.reflect.NativeMethodAccessorImpl.invoke(NativeMethodAccessorImpl.java:62)
	at sun.reflect.DelegatingMethodAccessorImpl.invoke(DelegatingMethodAccessorImpl.java:43)
	at java.lang.reflect.Method.invoke(Method.java:498)
	at com.nomagic.magicdraw.MainMethodLauncher.launch(MainMethodLauncher.java:26)
	at com.nomagic.magicdraw.ApplicationGateway.start(ApplicationGateway.java:46)
	at org.eclipse.equinox.internal.app.EclipseAppHandle.run(EclipseAppHandle.java:196)
	at org.eclipse.core.runtime.internal.adaptor.EclipseAppLauncher.runApplication(EclipseAppLauncher.java:134)
	at org.eclipse.core.runtime.internal.adaptor.EclipseAppLauncher.start(EclipseAppLauncher.java:104)
	at org.eclipse.core.runtime.adaptor.EclipseStarter.run(EclipseStarter.java:388)
	at com.nomagic.osgi.launcher.FrameworkLauncher$DefaultApplication.run(FrameworkLauncher.java:227)
	at com.nomagic.osgi.launcher.FrameworkLauncher.runFrameworkApplication(FrameworkLauncher.java:177)
	at com.nomagic.osgi.launcher.FrameworkLauncher.run(FrameworkLauncher.java:114)
	at com.nomagic.osgi.launcher.FrameworkLauncher.run(FrameworkLauncher.java:93)
	at com.nomagic.osgi.launcher.ProductionFrameworkLauncher.run(ProductionFrameworkLauncher.java:66)
	at com.nomagic.osgi.launcher.ProductionFrameworkLauncher.main(ProductionFrameworkLauncher.java:53)
	at sun.reflect.NativeMethodAccessorImpl.invoke0(Native Method)
	at sun.reflect.NativeMethodAccessorImpl.invoke(NativeMethodAccessorImpl.java:62)
	at sun.reflect.DelegatingMethodAccessorImpl.invoke(DelegatingMethodAccessorImpl.java:43)
	at java.lang.reflect.Method.invoke(Method.java:498)
	at com.nomagic.magicdraw.intellij.Launcher.invokeMainMethod(Launcher.java:343)
	at com.nomagic.magicdraw.intellij.Launcher.launchFramework(Launcher.java:336)
	at com.nomagic.magicdraw.intellij.Launcher.launch(Launcher.java:113)
	at com.nomagic.magicdraw.intellij.Launcher.main(Launcher.java:100)
2019-09-12 21:30:47,523 WARN main GUI - NO ICON FOR: group=options name=CODE_ENGINEERING
2019-09-12 21:30:47,646 WARN main GUI - NO ICON FOR: group=options name=REPORT_WIZARD_OPTIONS_GROUP
2019-09-12 21:30:48,895 WARN main GUI - NO ICON FOR: group=options name=options.automaton
2019-09-12 21:30:49,391 WARN main GUI - NO ICON FOR: group=options name=emf.uml2.v4.options.group.id
2019-09-12 21:30:49,403 WARN main GUI - NO ICON FOR: group=options name=emf.uml2.v5.options.group.id
2019-09-12 21:30:49,416 WARN main GUI - NO ICON FOR: group=options name=emf.uml2.v2.options.group.id
2019-09-12 21:30:49,424 WARN main GUI - NO ICON FOR: group=options name=emf.uml2.v3.options.group.id
2019-09-12 21:30:52,730 ERROR pool-MagicDraw-thread-1:Login GENERAL - Invalid host:port (s2326aos.mc2.renault.fr:3579).
com.nomagic.esi.api.messages.exceptions.LoginException: Invalid host:port (s2326aos.mc2.renault.fr:3579).
	at com.nomagic.esi.client.core.a.w.a(w.java:319)
	at com.nomagic.esi.client.core.a.w.open(w.java:279)
	at com.nomagic.esi.client.core.a.v.openSession(v.java:85)
	at com.nomagic.esi.client.core.a.v.openSession(v.java:71)
	at com.nomagic.esi.client.core.a.v.openSession(v.java:65)
	at com.nomagic.magicdraw.esi.session.i.ag(i.java:511)
	at com.nomagic.magicdraw.esi.session.i.Z(i.java:494)
	at com.nomagic.magicdraw.esi.session.i.b(i.java:472)
	at com.nomagic.magicdraw.esi.session.i.a(i.java:444)
	at com.nomagic.magicdraw.esi.session.i.ad(i.java:220)
	at com.nomagic.magicdraw.esi.session.s.a(s.java:255)
	at com.nomagic.magicdraw.esi.session.s.b(s.java:184)
	at com.nomagic.magicdraw.teamwork2.esi.b.esiLogin(b.java:215)
	at com.nomagic.magicdraw.teamwork2.esi.c.esiLogin(c.java:33)
	at com.nomagic.magicdraw.teamwork2.esi.b.login(b.java:69)
	at com.nomagic.magicdraw.teamwork2.esi.l.loginFromOptions(l.java:110)
	at com.nomagic.magicdraw.teamwork2.TeamworkService$LoginTask.execute(TeamworkService.java:235)
	at com.nomagic.task.Task.construct(Task.java:191)
	at com.nomagic.task.SwingWorker$2.call(SwingWorker.java:208)
	at java.util.concurrent.FutureTask.run(FutureTask.java:266)
	at com.nomagic.task.SwingWorker$SwingWorkerFuture.run(SwingWorker.java:594)
	at com.nomagic.task.BackportedThreadPoolExecutor$Worker.runTask(BackportedThreadPoolExecutor.java:1583)
	at com.nomagic.task.BackportedThreadPoolExecutor$Worker.run(BackportedThreadPoolExecutor.java:1614)
	at com.nomagic.task.PooledThread.run(PooledThread.java:64)
Caused by: java.lang.IllegalArgumentException: Address must be resolved.
	at com.nomagic.esi.net.a.r.<init>(r.java:37)
	at com.nomagic.esi.client.core.a.w.a(w.java:316)
	... 23 more
2019-09-12 21:30:53,233 WARN Thread-29 org.apache.axis.utils.JavaUtils - Unable to find required classes (javax.activation.DataHandler and javax.mail.internet.MimeMultipart). Attachment support is disabled.
2019-09-12 21:36:27,390 WARN main GUI - NO ICON FOR: group=options name=HTTP_PROXY
2019-09-12 21:36:29,559 WARN main GUI - NO ICON FOR: group=buttons name=import
2019-09-12 21:36:30,790 ERROR main PLUGINS - Failed to create plugin: My Plug-in 2
java.lang.ClassNotFoundException: myplugin2.MyPlugin2
	at java.net.URLClassLoader.findClass(URLClassLoader.java:381)
	at java.lang.ClassLoader.loadClass(ClassLoader.java:424)
	at java.lang.ClassLoader.loadClass(ClassLoader.java:357)
	at java.lang.Class.forName0(Native Method)
	at java.lang.Class.forName(Class.java:348)
	at com.nomagic.magicdraw.plugins.g.A(g.java:379)
	at com.nomagic.magicdraw.core.o.t(o.java:40)
	at com.nomagic.rcpf.product.i.a(i.java:277)
	at com.nomagic.rcpf.product.h.b(h.java:93)
	at com.nomagic.rcpf.product.h.a(h.java:77)
	at com.nomagic.magicdraw.core.Application.internalStart(Application.java:688)
	at com.nomagic.magicdraw.tests.common.TestEnvironment.startMagicDrawUML(TestEnvironment.java:129)
	at com.nomagic.magicdraw.tests.MDTestRunnerUtils.startMagicDraw(MDTestRunnerUtils.java:21)
	at com.nomagic.magicdraw.tests.MagicDrawTestRunner.<init>(MagicDrawTestRunner.java:24)
	at sun.reflect.NativeConstructorAccessorImpl.newInstance0(Native Method)
	at sun.reflect.NativeConstructorAccessorImpl.newInstance(NativeConstructorAccessorImpl.java:62)
	at sun.reflect.DelegatingConstructorAccessorImpl.newInstance(DelegatingConstructorAccessorImpl.java:45)
	at java.lang.reflect.Constructor.newInstance(Constructor.java:423)
	at org.junit.internal.builders.AnnotatedBuilder.buildRunner(AnnotatedBuilder.java:104)
	at org.junit.vintage.engine.discovery.DefensiveAllDefaultPossibilitiesBuilder$DefensiveAnnotatedBuilder.buildRunner(DefensiveAllDefaultPossibilitiesBuilder.java:74)
	at org.junit.internal.builders.AnnotatedBuilder.runnerForClass(AnnotatedBuilder.java:86)
	at org.junit.runners.model.RunnerBuilder.safeRunnerForClass(RunnerBuilder.java:59)
	at org.junit.internal.builders.AllDefaultPossibilitiesBuilder.runnerForClass(AllDefaultPossibilitiesBuilder.java:26)
	at org.junit.runners.model.RunnerBuilder.safeRunnerForClass(RunnerBuilder.java:59)
	at org.junit.vintage.engine.discovery.TestClassRequestResolver.createRunnerTestDescriptor(TestClassRequestResolver.java:54)
	at org.junit.vintage.engine.discovery.VintageDiscoverer.lambda$discover$0(VintageDiscoverer.java:53)
	at java.util.stream.ReferencePipeline$3$1.accept(ReferencePipeline.java:193)
	at java.util.stream.ReferencePipeline$3$1.accept(ReferencePipeline.java:193)
	at java.util.Iterator.forEachRemaining(Iterator.java:116)
	at java.util.Spliterators$IteratorSpliterator.forEachRemaining(Spliterators.java:1801)
	at java.util.stream.AbstractPipeline.copyInto(AbstractPipeline.java:481)
	at java.util.stream.AbstractPipeline.wrapAndCopyInto(AbstractPipeline.java:471)
	at java.util.stream.StreamSpliterators$WrappingSpliterator.forEachRemaining(StreamSpliterators.java:312)
	at java.util.stream.Streams$ConcatSpliterator.forEachRemaining(Streams.java:742)
	at java.util.stream.AbstractPipeline.copyInto(AbstractPipeline.java:481)
	at java.util.stream.AbstractPipeline.wrapAndCopyInto(AbstractPipeline.java:471)
	at java.util.stream.ForEachOps$ForEachOp.evaluateSequential(ForEachOps.java:151)
	at java.util.stream.ForEachOps$ForEachOp$OfRef.evaluateSequential(ForEachOps.java:174)
	at java.util.stream.AbstractPipeline.evaluate(AbstractPipeline.java:234)
	at java.util.stream.ReferencePipeline.forEach(ReferencePipeline.java:418)
	at org.junit.vintage.engine.discovery.VintageDiscoverer.discover(VintageDiscoverer.java:55)
	at org.junit.vintage.engine.VintageTestEngine.discover(VintageTestEngine.java:65)
	at org.junit.platform.launcher.core.DefaultLauncher.discoverEngineRoot(DefaultLauncher.java:130)
	at org.junit.platform.launcher.core.DefaultLauncher.discoverRoot(DefaultLauncher.java:117)
	at org.junit.platform.launcher.core.DefaultLauncher.execute(DefaultLauncher.java:90)
	at com.intellij.junit5.JUnit5IdeaTestRunner.startRunnerWithArgs(JUnit5IdeaTestRunner.java:69)
	at com.intellij.rt.execution.junit.IdeaTestRunner$Repeater.startRunnerWithArgs(IdeaTestRunner.java:47)
	at com.intellij.rt.execution.junit.JUnitStarter.prepareStreamsAndStart(JUnitStarter.java:242)
	at com.intellij.rt.execution.junit.JUnitStarter.main(JUnitStarter.java:70)
	at sun.reflect.NativeMethodAccessorImpl.invoke0(Native Method)
	at sun.reflect.NativeMethodAccessorImpl.invoke(NativeMethodAccessorImpl.java:62)
	at sun.reflect.DelegatingMethodAccessorImpl.invoke(DelegatingMethodAccessorImpl.java:43)
	at java.lang.reflect.Method.invoke(Method.java:498)
	at com.nomagic.magicdraw.MainMethodLauncher.launch(MainMethodLauncher.java:26)
	at com.nomagic.magicdraw.ApplicationGateway.start(ApplicationGateway.java:46)
	at org.eclipse.equinox.internal.app.EclipseAppHandle.run(EclipseAppHandle.java:196)
	at org.eclipse.core.runtime.internal.adaptor.EclipseAppLauncher.runApplication(EclipseAppLauncher.java:134)
	at org.eclipse.core.runtime.internal.adaptor.EclipseAppLauncher.start(EclipseAppLauncher.java:104)
	at org.eclipse.core.runtime.adaptor.EclipseStarter.run(EclipseStarter.java:388)
	at com.nomagic.osgi.launcher.FrameworkLauncher$DefaultApplication.run(FrameworkLauncher.java:227)
	at com.nomagic.osgi.launcher.FrameworkLauncher.runFrameworkApplication(FrameworkLauncher.java:177)
	at com.nomagic.osgi.launcher.FrameworkLauncher.run(FrameworkLauncher.java:114)
	at com.nomagic.osgi.launcher.FrameworkLauncher.run(FrameworkLauncher.java:93)
	at com.nomagic.osgi.launcher.ProductionFrameworkLauncher.run(ProductionFrameworkLauncher.java:66)
	at com.nomagic.osgi.launcher.ProductionFrameworkLauncher.main(ProductionFrameworkLauncher.java:53)
	at sun.reflect.NativeMethodAccessorImpl.invoke0(Native Method)
	at sun.reflect.NativeMethodAccessorImpl.invoke(NativeMethodAccessorImpl.java:62)
	at sun.reflect.DelegatingMethodAccessorImpl.invoke(DelegatingMethodAccessorImpl.java:43)
	at java.lang.reflect.Method.invoke(Method.java:498)
	at com.nomagic.magicdraw.intellij.Launcher.invokeMainMethod(Launcher.java:343)
	at com.nomagic.magicdraw.intellij.Launcher.launchFramework(Launcher.java:336)
	at com.nomagic.magicdraw.intellij.Launcher.launch(Launcher.java:113)
	at com.nomagic.magicdraw.intellij.Launcher.main(Launcher.java:100)
2019-09-12 21:36:30,929 ERROR main PLUGINS - Failed to create plugin: Model2Pivot
java.lang.ClassNotFoundException: com.renault.dira.api.md.PivotFormatsPlugin
	at java.net.URLClassLoader.findClass(URLClassLoader.java:381)
	at java.lang.ClassLoader.loadClass(ClassLoader.java:424)
	at java.lang.ClassLoader.loadClass(ClassLoader.java:357)
	at java.lang.Class.forName0(Native Method)
	at java.lang.Class.forName(Class.java:348)
	at com.nomagic.magicdraw.plugins.g.A(g.java:379)
	at com.nomagic.magicdraw.core.o.t(o.java:40)
	at com.nomagic.rcpf.product.i.a(i.java:277)
	at com.nomagic.rcpf.product.h.b(h.java:93)
	at com.nomagic.rcpf.product.h.a(h.java:77)
	at com.nomagic.magicdraw.core.Application.internalStart(Application.java:688)
	at com.nomagic.magicdraw.tests.common.TestEnvironment.startMagicDrawUML(TestEnvironment.java:129)
	at com.nomagic.magicdraw.tests.MDTestRunnerUtils.startMagicDraw(MDTestRunnerUtils.java:21)
	at com.nomagic.magicdraw.tests.MagicDrawTestRunner.<init>(MagicDrawTestRunner.java:24)
	at sun.reflect.NativeConstructorAccessorImpl.newInstance0(Native Method)
	at sun.reflect.NativeConstructorAccessorImpl.newInstance(NativeConstructorAccessorImpl.java:62)
	at sun.reflect.DelegatingConstructorAccessorImpl.newInstance(DelegatingConstructorAccessorImpl.java:45)
	at java.lang.reflect.Constructor.newInstance(Constructor.java:423)
	at org.junit.internal.builders.AnnotatedBuilder.buildRunner(AnnotatedBuilder.java:104)
	at org.junit.vintage.engine.discovery.DefensiveAllDefaultPossibilitiesBuilder$DefensiveAnnotatedBuilder.buildRunner(DefensiveAllDefaultPossibilitiesBuilder.java:74)
	at org.junit.internal.builders.AnnotatedBuilder.runnerForClass(AnnotatedBuilder.java:86)
	at org.junit.runners.model.RunnerBuilder.safeRunnerForClass(RunnerBuilder.java:59)
	at org.junit.internal.builders.AllDefaultPossibilitiesBuilder.runnerForClass(AllDefaultPossibilitiesBuilder.java:26)
	at org.junit.runners.model.RunnerBuilder.safeRunnerForClass(RunnerBuilder.java:59)
	at org.junit.vintage.engine.discovery.TestClassRequestResolver.createRunnerTestDescriptor(TestClassRequestResolver.java:54)
	at org.junit.vintage.engine.discovery.VintageDiscoverer.lambda$discover$0(VintageDiscoverer.java:53)
	at java.util.stream.ReferencePipeline$3$1.accept(ReferencePipeline.java:193)
	at java.util.stream.ReferencePipeline$3$1.accept(ReferencePipeline.java:193)
	at java.util.Iterator.forEachRemaining(Iterator.java:116)
	at java.util.Spliterators$IteratorSpliterator.forEachRemaining(Spliterators.java:1801)
	at java.util.stream.AbstractPipeline.copyInto(AbstractPipeline.java:481)
	at java.util.stream.AbstractPipeline.wrapAndCopyInto(AbstractPipeline.java:471)
	at java.util.stream.StreamSpliterators$WrappingSpliterator.forEachRemaining(StreamSpliterators.java:312)
	at java.util.stream.Streams$ConcatSpliterator.forEachRemaining(Streams.java:742)
	at java.util.stream.AbstractPipeline.copyInto(AbstractPipeline.java:481)
	at java.util.stream.AbstractPipeline.wrapAndCopyInto(AbstractPipeline.java:471)
	at java.util.stream.ForEachOps$ForEachOp.evaluateSequential(ForEachOps.java:151)
	at java.util.stream.ForEachOps$ForEachOp$OfRef.evaluateSequential(ForEachOps.java:174)
	at java.util.stream.AbstractPipeline.evaluate(AbstractPipeline.java:234)
	at java.util.stream.ReferencePipeline.forEach(ReferencePipeline.java:418)
	at org.junit.vintage.engine.discovery.VintageDiscoverer.discover(VintageDiscoverer.java:55)
	at org.junit.vintage.engine.VintageTestEngine.discover(VintageTestEngine.java:65)
	at org.junit.platform.launcher.core.DefaultLauncher.discoverEngineRoot(DefaultLauncher.java:130)
	at org.junit.platform.launcher.core.DefaultLauncher.discoverRoot(DefaultLauncher.java:117)
	at org.junit.platform.launcher.core.DefaultLauncher.execute(DefaultLauncher.java:90)
	at com.intellij.junit5.JUnit5IdeaTestRunner.startRunnerWithArgs(JUnit5IdeaTestRunner.java:69)
	at com.intellij.rt.execution.junit.IdeaTestRunner$Repeater.startRunnerWithArgs(IdeaTestRunner.java:47)
	at com.intellij.rt.execution.junit.JUnitStarter.prepareStreamsAndStart(JUnitStarter.java:242)
	at com.intellij.rt.execution.junit.JUnitStarter.main(JUnitStarter.java:70)
	at sun.reflect.NativeMethodAccessorImpl.invoke0(Native Method)
	at sun.reflect.NativeMethodAccessorImpl.invoke(NativeMethodAccessorImpl.java:62)
	at sun.reflect.DelegatingMethodAccessorImpl.invoke(DelegatingMethodAccessorImpl.java:43)
	at java.lang.reflect.Method.invoke(Method.java:498)
	at com.nomagic.magicdraw.MainMethodLauncher.launch(MainMethodLauncher.java:26)
	at com.nomagic.magicdraw.ApplicationGateway.start(ApplicationGateway.java:46)
	at org.eclipse.equinox.internal.app.EclipseAppHandle.run(EclipseAppHandle.java:196)
	at org.eclipse.core.runtime.internal.adaptor.EclipseAppLauncher.runApplication(EclipseAppLauncher.java:134)
	at org.eclipse.core.runtime.internal.adaptor.EclipseAppLauncher.start(EclipseAppLauncher.java:104)
	at org.eclipse.core.runtime.adaptor.EclipseStarter.run(EclipseStarter.java:388)
	at com.nomagic.osgi.launcher.FrameworkLauncher$DefaultApplication.run(FrameworkLauncher.java:227)
	at com.nomagic.osgi.launcher.FrameworkLauncher.runFrameworkApplication(FrameworkLauncher.java:177)
	at com.nomagic.osgi.launcher.FrameworkLauncher.run(FrameworkLauncher.java:114)
	at com.nomagic.osgi.launcher.FrameworkLauncher.run(FrameworkLauncher.java:93)
	at com.nomagic.osgi.launcher.ProductionFrameworkLauncher.run(ProductionFrameworkLauncher.java:66)
	at com.nomagic.osgi.launcher.ProductionFrameworkLauncher.main(ProductionFrameworkLauncher.java:53)
	at sun.reflect.NativeMethodAccessorImpl.invoke0(Native Method)
	at sun.reflect.NativeMethodAccessorImpl.invoke(NativeMethodAccessorImpl.java:62)
	at sun.reflect.DelegatingMethodAccessorImpl.invoke(DelegatingMethodAccessorImpl.java:43)
	at java.lang.reflect.Method.invoke(Method.java:498)
	at com.nomagic.magicdraw.intellij.Launcher.invokeMainMethod(Launcher.java:343)
	at com.nomagic.magicdraw.intellij.Launcher.launchFramework(Launcher.java:336)
	at com.nomagic.magicdraw.intellij.Launcher.launch(Launcher.java:113)
	at com.nomagic.magicdraw.intellij.Launcher.main(Launcher.java:100)
2019-09-12 21:36:31,193 WARN main GUI - NO ICON FOR: group=options name=CODE_ENGINEERING
2019-09-12 21:36:31,329 WARN main GUI - NO ICON FOR: group=options name=REPORT_WIZARD_OPTIONS_GROUP
2019-09-12 21:36:32,627 WARN main GUI - NO ICON FOR: group=options name=options.automaton
2019-09-12 21:36:33,106 WARN main GUI - NO ICON FOR: group=options name=emf.uml2.v4.options.group.id
2019-09-12 21:36:33,117 WARN main GUI - NO ICON FOR: group=options name=emf.uml2.v5.options.group.id
2019-09-12 21:36:33,134 WARN main GUI - NO ICON FOR: group=options name=emf.uml2.v2.options.group.id
2019-09-12 21:36:33,144 WARN main GUI - NO ICON FOR: group=options name=emf.uml2.v3.options.group.id
2019-09-12 21:36:36,246 ERROR pool-MagicDraw-thread-1:Login GENERAL - Invalid host:port (s2326aos.mc2.renault.fr:3579).
com.nomagic.esi.api.messages.exceptions.LoginException: Invalid host:port (s2326aos.mc2.renault.fr:3579).
	at com.nomagic.esi.client.core.a.w.a(w.java:319)
	at com.nomagic.esi.client.core.a.w.open(w.java:279)
	at com.nomagic.esi.client.core.a.v.openSession(v.java:85)
	at com.nomagic.esi.client.core.a.v.openSession(v.java:71)
	at com.nomagic.esi.client.core.a.v.openSession(v.java:65)
	at com.nomagic.magicdraw.esi.session.i.ag(i.java:511)
	at com.nomagic.magicdraw.esi.session.i.Z(i.java:494)
	at com.nomagic.magicdraw.esi.session.i.b(i.java:472)
	at com.nomagic.magicdraw.esi.session.i.a(i.java:444)
	at com.nomagic.magicdraw.esi.session.i.ad(i.java:220)
	at com.nomagic.magicdraw.esi.session.s.a(s.java:255)
	at com.nomagic.magicdraw.esi.session.s.b(s.java:184)
	at com.nomagic.magicdraw.teamwork2.esi.b.esiLogin(b.java:215)
	at com.nomagic.magicdraw.teamwork2.esi.c.esiLogin(c.java:33)
	at com.nomagic.magicdraw.teamwork2.esi.b.login(b.java:69)
	at com.nomagic.magicdraw.teamwork2.esi.l.loginFromOptions(l.java:110)
	at com.nomagic.magicdraw.teamwork2.TeamworkService$LoginTask.execute(TeamworkService.java:235)
	at com.nomagic.task.Task.construct(Task.java:191)
	at com.nomagic.task.SwingWorker$2.call(SwingWorker.java:208)
	at java.util.concurrent.FutureTask.run(FutureTask.java:266)
	at com.nomagic.task.SwingWorker$SwingWorkerFuture.run(SwingWorker.java:594)
	at com.nomagic.task.BackportedThreadPoolExecutor$Worker.runTask(BackportedThreadPoolExecutor.java:1583)
	at com.nomagic.task.BackportedThreadPoolExecutor$Worker.run(BackportedThreadPoolExecutor.java:1614)
	at com.nomagic.task.PooledThread.run(PooledThread.java:64)
Caused by: java.lang.IllegalArgumentException: Address must be resolved.
	at com.nomagic.esi.net.a.r.<init>(r.java:37)
	at com.nomagic.esi.client.core.a.w.a(w.java:316)
	... 23 more
2019-09-12 21:36:36,846 WARN Thread-29 org.apache.axis.utils.JavaUtils - Unable to find required classes (javax.activation.DataHandler and javax.mail.internet.MimeMultipart). Attachment support is disabled.
2019-09-12 21:39:31,957 WARN main GUI - NO ICON FOR: group=options name=HTTP_PROXY
2019-09-12 21:39:34,381 WARN main GUI - NO ICON FOR: group=buttons name=import
2019-09-12 21:39:35,621 ERROR main PLUGINS - Failed to create plugin: My Plug-in 2
java.lang.ClassNotFoundException: myplugin2.MyPlugin2
	at java.net.URLClassLoader.findClass(URLClassLoader.java:381)
	at java.lang.ClassLoader.loadClass(ClassLoader.java:424)
	at java.lang.ClassLoader.loadClass(ClassLoader.java:357)
	at java.lang.Class.forName0(Native Method)
	at java.lang.Class.forName(Class.java:348)
	at com.nomagic.magicdraw.plugins.g.A(g.java:379)
	at com.nomagic.magicdraw.core.o.t(o.java:40)
	at com.nomagic.rcpf.product.i.a(i.java:277)
	at com.nomagic.rcpf.product.h.b(h.java:93)
	at com.nomagic.rcpf.product.h.a(h.java:77)
	at com.nomagic.magicdraw.core.Application.internalStart(Application.java:688)
	at com.nomagic.magicdraw.tests.common.TestEnvironment.startMagicDrawUML(TestEnvironment.java:129)
	at com.nomagic.magicdraw.tests.MDTestRunnerUtils.startMagicDraw(MDTestRunnerUtils.java:21)
	at com.nomagic.magicdraw.tests.MagicDrawTestRunner.<init>(MagicDrawTestRunner.java:24)
	at sun.reflect.NativeConstructorAccessorImpl.newInstance0(Native Method)
	at sun.reflect.NativeConstructorAccessorImpl.newInstance(NativeConstructorAccessorImpl.java:62)
	at sun.reflect.DelegatingConstructorAccessorImpl.newInstance(DelegatingConstructorAccessorImpl.java:45)
	at java.lang.reflect.Constructor.newInstance(Constructor.java:423)
	at org.junit.internal.builders.AnnotatedBuilder.buildRunner(AnnotatedBuilder.java:104)
	at org.junit.vintage.engine.discovery.DefensiveAllDefaultPossibilitiesBuilder$DefensiveAnnotatedBuilder.buildRunner(DefensiveAllDefaultPossibilitiesBuilder.java:74)
	at org.junit.internal.builders.AnnotatedBuilder.runnerForClass(AnnotatedBuilder.java:86)
	at org.junit.runners.model.RunnerBuilder.safeRunnerForClass(RunnerBuilder.java:59)
	at org.junit.internal.builders.AllDefaultPossibilitiesBuilder.runnerForClass(AllDefaultPossibilitiesBuilder.java:26)
	at org.junit.runners.model.RunnerBuilder.safeRunnerForClass(RunnerBuilder.java:59)
	at org.junit.vintage.engine.discovery.TestClassRequestResolver.createRunnerTestDescriptor(TestClassRequestResolver.java:54)
	at org.junit.vintage.engine.discovery.VintageDiscoverer.lambda$discover$0(VintageDiscoverer.java:53)
	at java.util.stream.ReferencePipeline$3$1.accept(ReferencePipeline.java:193)
	at java.util.stream.ReferencePipeline$3$1.accept(ReferencePipeline.java:193)
	at java.util.Iterator.forEachRemaining(Iterator.java:116)
	at java.util.Spliterators$IteratorSpliterator.forEachRemaining(Spliterators.java:1801)
	at java.util.stream.AbstractPipeline.copyInto(AbstractPipeline.java:481)
	at java.util.stream.AbstractPipeline.wrapAndCopyInto(AbstractPipeline.java:471)
	at java.util.stream.StreamSpliterators$WrappingSpliterator.forEachRemaining(StreamSpliterators.java:312)
	at java.util.stream.Streams$ConcatSpliterator.forEachRemaining(Streams.java:742)
	at java.util.stream.AbstractPipeline.copyInto(AbstractPipeline.java:481)
	at java.util.stream.AbstractPipeline.wrapAndCopyInto(AbstractPipeline.java:471)
	at java.util.stream.ForEachOps$ForEachOp.evaluateSequential(ForEachOps.java:151)
	at java.util.stream.ForEachOps$ForEachOp$OfRef.evaluateSequential(ForEachOps.java:174)
	at java.util.stream.AbstractPipeline.evaluate(AbstractPipeline.java:234)
	at java.util.stream.ReferencePipeline.forEach(ReferencePipeline.java:418)
	at org.junit.vintage.engine.discovery.VintageDiscoverer.discover(VintageDiscoverer.java:55)
	at org.junit.vintage.engine.VintageTestEngine.discover(VintageTestEngine.java:65)
	at org.junit.platform.launcher.core.DefaultLauncher.discoverEngineRoot(DefaultLauncher.java:130)
	at org.junit.platform.launcher.core.DefaultLauncher.discoverRoot(DefaultLauncher.java:117)
	at org.junit.platform.launcher.core.DefaultLauncher.execute(DefaultLauncher.java:90)
	at com.intellij.junit5.JUnit5IdeaTestRunner.startRunnerWithArgs(JUnit5IdeaTestRunner.java:69)
	at com.intellij.rt.execution.junit.IdeaTestRunner$Repeater.startRunnerWithArgs(IdeaTestRunner.java:47)
	at com.intellij.rt.execution.junit.JUnitStarter.prepareStreamsAndStart(JUnitStarter.java:242)
	at com.intellij.rt.execution.junit.JUnitStarter.main(JUnitStarter.java:70)
	at sun.reflect.NativeMethodAccessorImpl.invoke0(Native Method)
	at sun.reflect.NativeMethodAccessorImpl.invoke(NativeMethodAccessorImpl.java:62)
	at sun.reflect.DelegatingMethodAccessorImpl.invoke(DelegatingMethodAccessorImpl.java:43)
	at java.lang.reflect.Method.invoke(Method.java:498)
	at com.nomagic.magicdraw.MainMethodLauncher.launch(MainMethodLauncher.java:26)
	at com.nomagic.magicdraw.ApplicationGateway.start(ApplicationGateway.java:46)
	at org.eclipse.equinox.internal.app.EclipseAppHandle.run(EclipseAppHandle.java:196)
	at org.eclipse.core.runtime.internal.adaptor.EclipseAppLauncher.runApplication(EclipseAppLauncher.java:134)
	at org.eclipse.core.runtime.internal.adaptor.EclipseAppLauncher.start(EclipseAppLauncher.java:104)
	at org.eclipse.core.runtime.adaptor.EclipseStarter.run(EclipseStarter.java:388)
	at com.nomagic.osgi.launcher.FrameworkLauncher$DefaultApplication.run(FrameworkLauncher.java:227)
	at com.nomagic.osgi.launcher.FrameworkLauncher.runFrameworkApplication(FrameworkLauncher.java:177)
	at com.nomagic.osgi.launcher.FrameworkLauncher.run(FrameworkLauncher.java:114)
	at com.nomagic.osgi.launcher.FrameworkLauncher.run(FrameworkLauncher.java:93)
	at com.nomagic.osgi.launcher.ProductionFrameworkLauncher.run(ProductionFrameworkLauncher.java:66)
	at com.nomagic.osgi.launcher.ProductionFrameworkLauncher.main(ProductionFrameworkLauncher.java:53)
	at sun.reflect.NativeMethodAccessorImpl.invoke0(Native Method)
	at sun.reflect.NativeMethodAccessorImpl.invoke(NativeMethodAccessorImpl.java:62)
	at sun.reflect.DelegatingMethodAccessorImpl.invoke(DelegatingMethodAccessorImpl.java:43)
	at java.lang.reflect.Method.invoke(Method.java:498)
	at com.nomagic.magicdraw.intellij.Launcher.invokeMainMethod(Launcher.java:343)
	at com.nomagic.magicdraw.intellij.Launcher.launchFramework(Launcher.java:336)
	at com.nomagic.magicdraw.intellij.Launcher.launch(Launcher.java:113)
	at com.nomagic.magicdraw.intellij.Launcher.main(Launcher.java:100)
2019-09-12 21:39:35,764 ERROR main PLUGINS - Failed to create plugin: Model2Pivot
java.lang.ClassNotFoundException: com.renault.dira.api.md.PivotFormatsPlugin
	at java.net.URLClassLoader.findClass(URLClassLoader.java:381)
	at java.lang.ClassLoader.loadClass(ClassLoader.java:424)
	at java.lang.ClassLoader.loadClass(ClassLoader.java:357)
	at java.lang.Class.forName0(Native Method)
	at java.lang.Class.forName(Class.java:348)
	at com.nomagic.magicdraw.plugins.g.A(g.java:379)
	at com.nomagic.magicdraw.core.o.t(o.java:40)
	at com.nomagic.rcpf.product.i.a(i.java:277)
	at com.nomagic.rcpf.product.h.b(h.java:93)
	at com.nomagic.rcpf.product.h.a(h.java:77)
	at com.nomagic.magicdraw.core.Application.internalStart(Application.java:688)
	at com.nomagic.magicdraw.tests.common.TestEnvironment.startMagicDrawUML(TestEnvironment.java:129)
	at com.nomagic.magicdraw.tests.MDTestRunnerUtils.startMagicDraw(MDTestRunnerUtils.java:21)
	at com.nomagic.magicdraw.tests.MagicDrawTestRunner.<init>(MagicDrawTestRunner.java:24)
	at sun.reflect.NativeConstructorAccessorImpl.newInstance0(Native Method)
	at sun.reflect.NativeConstructorAccessorImpl.newInstance(NativeConstructorAccessorImpl.java:62)
	at sun.reflect.DelegatingConstructorAccessorImpl.newInstance(DelegatingConstructorAccessorImpl.java:45)
	at java.lang.reflect.Constructor.newInstance(Constructor.java:423)
	at org.junit.internal.builders.AnnotatedBuilder.buildRunner(AnnotatedBuilder.java:104)
	at org.junit.vintage.engine.discovery.DefensiveAllDefaultPossibilitiesBuilder$DefensiveAnnotatedBuilder.buildRunner(DefensiveAllDefaultPossibilitiesBuilder.java:74)
	at org.junit.internal.builders.AnnotatedBuilder.runnerForClass(AnnotatedBuilder.java:86)
	at org.junit.runners.model.RunnerBuilder.safeRunnerForClass(RunnerBuilder.java:59)
	at org.junit.internal.builders.AllDefaultPossibilitiesBuilder.runnerForClass(AllDefaultPossibilitiesBuilder.java:26)
	at org.junit.runners.model.RunnerBuilder.safeRunnerForClass(RunnerBuilder.java:59)
	at org.junit.vintage.engine.discovery.TestClassRequestResolver.createRunnerTestDescriptor(TestClassRequestResolver.java:54)
	at org.junit.vintage.engine.discovery.VintageDiscoverer.lambda$discover$0(VintageDiscoverer.java:53)
	at java.util.stream.ReferencePipeline$3$1.accept(ReferencePipeline.java:193)
	at java.util.stream.ReferencePipeline$3$1.accept(ReferencePipeline.java:193)
	at java.util.Iterator.forEachRemaining(Iterator.java:116)
	at java.util.Spliterators$IteratorSpliterator.forEachRemaining(Spliterators.java:1801)
	at java.util.stream.AbstractPipeline.copyInto(AbstractPipeline.java:481)
	at java.util.stream.AbstractPipeline.wrapAndCopyInto(AbstractPipeline.java:471)
	at java.util.stream.StreamSpliterators$WrappingSpliterator.forEachRemaining(StreamSpliterators.java:312)
	at java.util.stream.Streams$ConcatSpliterator.forEachRemaining(Streams.java:742)
	at java.util.stream.AbstractPipeline.copyInto(AbstractPipeline.java:481)
	at java.util.stream.AbstractPipeline.wrapAndCopyInto(AbstractPipeline.java:471)
	at java.util.stream.ForEachOps$ForEachOp.evaluateSequential(ForEachOps.java:151)
	at java.util.stream.ForEachOps$ForEachOp$OfRef.evaluateSequential(ForEachOps.java:174)
	at java.util.stream.AbstractPipeline.evaluate(AbstractPipeline.java:234)
	at java.util.stream.ReferencePipeline.forEach(ReferencePipeline.java:418)
	at org.junit.vintage.engine.discovery.VintageDiscoverer.discover(VintageDiscoverer.java:55)
	at org.junit.vintage.engine.VintageTestEngine.discover(VintageTestEngine.java:65)
	at org.junit.platform.launcher.core.DefaultLauncher.discoverEngineRoot(DefaultLauncher.java:130)
	at org.junit.platform.launcher.core.DefaultLauncher.discoverRoot(DefaultLauncher.java:117)
	at org.junit.platform.launcher.core.DefaultLauncher.execute(DefaultLauncher.java:90)
	at com.intellij.junit5.JUnit5IdeaTestRunner.startRunnerWithArgs(JUnit5IdeaTestRunner.java:69)
	at com.intellij.rt.execution.junit.IdeaTestRunner$Repeater.startRunnerWithArgs(IdeaTestRunner.java:47)
	at com.intellij.rt.execution.junit.JUnitStarter.prepareStreamsAndStart(JUnitStarter.java:242)
	at com.intellij.rt.execution.junit.JUnitStarter.main(JUnitStarter.java:70)
	at sun.reflect.NativeMethodAccessorImpl.invoke0(Native Method)
	at sun.reflect.NativeMethodAccessorImpl.invoke(NativeMethodAccessorImpl.java:62)
	at sun.reflect.DelegatingMethodAccessorImpl.invoke(DelegatingMethodAccessorImpl.java:43)
	at java.lang.reflect.Method.invoke(Method.java:498)
	at com.nomagic.magicdraw.MainMethodLauncher.launch(MainMethodLauncher.java:26)
	at com.nomagic.magicdraw.ApplicationGateway.start(ApplicationGateway.java:46)
	at org.eclipse.equinox.internal.app.EclipseAppHandle.run(EclipseAppHandle.java:196)
	at org.eclipse.core.runtime.internal.adaptor.EclipseAppLauncher.runApplication(EclipseAppLauncher.java:134)
	at org.eclipse.core.runtime.internal.adaptor.EclipseAppLauncher.start(EclipseAppLauncher.java:104)
	at org.eclipse.core.runtime.adaptor.EclipseStarter.run(EclipseStarter.java:388)
	at com.nomagic.osgi.launcher.FrameworkLauncher$DefaultApplication.run(FrameworkLauncher.java:227)
	at com.nomagic.osgi.launcher.FrameworkLauncher.runFrameworkApplication(FrameworkLauncher.java:177)
	at com.nomagic.osgi.launcher.FrameworkLauncher.run(FrameworkLauncher.java:114)
	at com.nomagic.osgi.launcher.FrameworkLauncher.run(FrameworkLauncher.java:93)
	at com.nomagic.osgi.launcher.ProductionFrameworkLauncher.run(ProductionFrameworkLauncher.java:66)
	at com.nomagic.osgi.launcher.ProductionFrameworkLauncher.main(ProductionFrameworkLauncher.java:53)
	at sun.reflect.NativeMethodAccessorImpl.invoke0(Native Method)
	at sun.reflect.NativeMethodAccessorImpl.invoke(NativeMethodAccessorImpl.java:62)
	at sun.reflect.DelegatingMethodAccessorImpl.invoke(DelegatingMethodAccessorImpl.java:43)
	at java.lang.reflect.Method.invoke(Method.java:498)
	at com.nomagic.magicdraw.intellij.Launcher.invokeMainMethod(Launcher.java:343)
	at com.nomagic.magicdraw.intellij.Launcher.launchFramework(Launcher.java:336)
	at com.nomagic.magicdraw.intellij.Launcher.launch(Launcher.java:113)
	at com.nomagic.magicdraw.intellij.Launcher.main(Launcher.java:100)
2019-09-12 21:39:36,226 WARN main GUI - NO ICON FOR: group=options name=CODE_ENGINEERING
2019-09-12 21:39:36,360 WARN main GUI - NO ICON FOR: group=options name=REPORT_WIZARD_OPTIONS_GROUP
2019-09-12 21:39:37,873 WARN main GUI - NO ICON FOR: group=options name=options.automaton
2019-09-12 21:39:38,455 WARN main GUI - NO ICON FOR: group=options name=emf.uml2.v4.options.group.id
2019-09-12 21:39:38,466 WARN main GUI - NO ICON FOR: group=options name=emf.uml2.v5.options.group.id
2019-09-12 21:39:38,482 WARN main GUI - NO ICON FOR: group=options name=emf.uml2.v2.options.group.id
2019-09-12 21:39:38,493 WARN main GUI - NO ICON FOR: group=options name=emf.uml2.v3.options.group.id
2019-09-12 21:39:42,050 ERROR pool-MagicDraw-thread-1:Login GENERAL - Invalid host:port (s2326aos.mc2.renault.fr:3579).
com.nomagic.esi.api.messages.exceptions.LoginException: Invalid host:port (s2326aos.mc2.renault.fr:3579).
	at com.nomagic.esi.client.core.a.w.a(w.java:319)
	at com.nomagic.esi.client.core.a.w.open(w.java:279)
	at com.nomagic.esi.client.core.a.v.openSession(v.java:85)
	at com.nomagic.esi.client.core.a.v.openSession(v.java:71)
	at com.nomagic.esi.client.core.a.v.openSession(v.java:65)
	at com.nomagic.magicdraw.esi.session.i.ag(i.java:511)
	at com.nomagic.magicdraw.esi.session.i.Z(i.java:494)
	at com.nomagic.magicdraw.esi.session.i.b(i.java:472)
	at com.nomagic.magicdraw.esi.session.i.a(i.java:444)
	at com.nomagic.magicdraw.esi.session.i.ad(i.java:220)
	at com.nomagic.magicdraw.esi.session.s.a(s.java:255)
	at com.nomagic.magicdraw.esi.session.s.b(s.java:184)
	at com.nomagic.magicdraw.teamwork2.esi.b.esiLogin(b.java:215)
	at com.nomagic.magicdraw.teamwork2.esi.c.esiLogin(c.java:33)
	at com.nomagic.magicdraw.teamwork2.esi.b.login(b.java:69)
	at com.nomagic.magicdraw.teamwork2.esi.l.loginFromOptions(l.java:110)
	at com.nomagic.magicdraw.teamwork2.TeamworkService$LoginTask.execute(TeamworkService.java:235)
	at com.nomagic.task.Task.construct(Task.java:191)
	at com.nomagic.task.SwingWorker$2.call(SwingWorker.java:208)
	at java.util.concurrent.FutureTask.run(FutureTask.java:266)
	at com.nomagic.task.SwingWorker$SwingWorkerFuture.run(SwingWorker.java:594)
	at com.nomagic.task.BackportedThreadPoolExecutor$Worker.runTask(BackportedThreadPoolExecutor.java:1583)
	at com.nomagic.task.BackportedThreadPoolExecutor$Worker.run(BackportedThreadPoolExecutor.java:1614)
	at com.nomagic.task.PooledThread.run(PooledThread.java:64)
Caused by: java.lang.IllegalArgumentException: Address must be resolved.
	at com.nomagic.esi.net.a.r.<init>(r.java:37)
	at com.nomagic.esi.client.core.a.w.a(w.java:316)
	... 23 more
2019-09-12 21:39:42,731 WARN Thread-29 org.apache.axis.utils.JavaUtils - Unable to find required classes (javax.activation.DataHandler and javax.mail.internet.MimeMultipart). Attachment support is disabled.
2019-09-12 21:41:12,414 WARN main GUI - NO ICON FOR: group=options name=HTTP_PROXY
2019-09-12 21:41:14,557 WARN main GUI - NO ICON FOR: group=buttons name=import
2019-09-12 21:41:15,752 ERROR main PLUGINS - Failed to create plugin: My Plug-in 2
java.lang.ClassNotFoundException: myplugin2.MyPlugin2
	at java.net.URLClassLoader.findClass(URLClassLoader.java:381)
	at java.lang.ClassLoader.loadClass(ClassLoader.java:424)
	at java.lang.ClassLoader.loadClass(ClassLoader.java:357)
	at java.lang.Class.forName0(Native Method)
	at java.lang.Class.forName(Class.java:348)
	at com.nomagic.magicdraw.plugins.g.A(g.java:379)
	at com.nomagic.magicdraw.core.o.t(o.java:40)
	at com.nomagic.rcpf.product.i.a(i.java:277)
	at com.nomagic.rcpf.product.h.b(h.java:93)
	at com.nomagic.rcpf.product.h.a(h.java:77)
	at com.nomagic.magicdraw.core.Application.internalStart(Application.java:688)
	at com.nomagic.magicdraw.tests.common.TestEnvironment.startMagicDrawUML(TestEnvironment.java:129)
	at com.nomagic.magicdraw.tests.MDTestRunnerUtils.startMagicDraw(MDTestRunnerUtils.java:21)
	at com.nomagic.magicdraw.tests.MagicDrawTestRunner.<init>(MagicDrawTestRunner.java:24)
	at sun.reflect.NativeConstructorAccessorImpl.newInstance0(Native Method)
	at sun.reflect.NativeConstructorAccessorImpl.newInstance(NativeConstructorAccessorImpl.java:62)
	at sun.reflect.DelegatingConstructorAccessorImpl.newInstance(DelegatingConstructorAccessorImpl.java:45)
	at java.lang.reflect.Constructor.newInstance(Constructor.java:423)
	at org.junit.internal.builders.AnnotatedBuilder.buildRunner(AnnotatedBuilder.java:104)
	at org.junit.vintage.engine.discovery.DefensiveAllDefaultPossibilitiesBuilder$DefensiveAnnotatedBuilder.buildRunner(DefensiveAllDefaultPossibilitiesBuilder.java:74)
	at org.junit.internal.builders.AnnotatedBuilder.runnerForClass(AnnotatedBuilder.java:86)
	at org.junit.runners.model.RunnerBuilder.safeRunnerForClass(RunnerBuilder.java:59)
	at org.junit.internal.builders.AllDefaultPossibilitiesBuilder.runnerForClass(AllDefaultPossibilitiesBuilder.java:26)
	at org.junit.runners.model.RunnerBuilder.safeRunnerForClass(RunnerBuilder.java:59)
	at org.junit.vintage.engine.discovery.TestClassRequestResolver.createRunnerTestDescriptor(TestClassRequestResolver.java:54)
	at org.junit.vintage.engine.discovery.VintageDiscoverer.lambda$discover$0(VintageDiscoverer.java:53)
	at java.util.stream.ReferencePipeline$3$1.accept(ReferencePipeline.java:193)
	at java.util.stream.ReferencePipeline$3$1.accept(ReferencePipeline.java:193)
	at java.util.Iterator.forEachRemaining(Iterator.java:116)
	at java.util.Spliterators$IteratorSpliterator.forEachRemaining(Spliterators.java:1801)
	at java.util.stream.AbstractPipeline.copyInto(AbstractPipeline.java:481)
	at java.util.stream.AbstractPipeline.wrapAndCopyInto(AbstractPipeline.java:471)
	at java.util.stream.StreamSpliterators$WrappingSpliterator.forEachRemaining(StreamSpliterators.java:312)
	at java.util.stream.Streams$ConcatSpliterator.forEachRemaining(Streams.java:742)
	at java.util.stream.AbstractPipeline.copyInto(AbstractPipeline.java:481)
	at java.util.stream.AbstractPipeline.wrapAndCopyInto(AbstractPipeline.java:471)
	at java.util.stream.ForEachOps$ForEachOp.evaluateSequential(ForEachOps.java:151)
	at java.util.stream.ForEachOps$ForEachOp$OfRef.evaluateSequential(ForEachOps.java:174)
	at java.util.stream.AbstractPipeline.evaluate(AbstractPipeline.java:234)
	at java.util.stream.ReferencePipeline.forEach(ReferencePipeline.java:418)
	at org.junit.vintage.engine.discovery.VintageDiscoverer.discover(VintageDiscoverer.java:55)
	at org.junit.vintage.engine.VintageTestEngine.discover(VintageTestEngine.java:65)
	at org.junit.platform.launcher.core.DefaultLauncher.discoverEngineRoot(DefaultLauncher.java:130)
	at org.junit.platform.launcher.core.DefaultLauncher.discoverRoot(DefaultLauncher.java:117)
	at org.junit.platform.launcher.core.DefaultLauncher.execute(DefaultLauncher.java:90)
	at com.intellij.junit5.JUnit5IdeaTestRunner.startRunnerWithArgs(JUnit5IdeaTestRunner.java:69)
	at com.intellij.rt.execution.junit.IdeaTestRunner$Repeater.startRunnerWithArgs(IdeaTestRunner.java:47)
	at com.intellij.rt.execution.junit.JUnitStarter.prepareStreamsAndStart(JUnitStarter.java:242)
	at com.intellij.rt.execution.junit.JUnitStarter.main(JUnitStarter.java:70)
	at sun.reflect.NativeMethodAccessorImpl.invoke0(Native Method)
	at sun.reflect.NativeMethodAccessorImpl.invoke(NativeMethodAccessorImpl.java:62)
	at sun.reflect.DelegatingMethodAccessorImpl.invoke(DelegatingMethodAccessorImpl.java:43)
	at java.lang.reflect.Method.invoke(Method.java:498)
	at com.nomagic.magicdraw.MainMethodLauncher.launch(MainMethodLauncher.java:26)
	at com.nomagic.magicdraw.ApplicationGateway.start(ApplicationGateway.java:46)
	at org.eclipse.equinox.internal.app.EclipseAppHandle.run(EclipseAppHandle.java:196)
	at org.eclipse.core.runtime.internal.adaptor.EclipseAppLauncher.runApplication(EclipseAppLauncher.java:134)
	at org.eclipse.core.runtime.internal.adaptor.EclipseAppLauncher.start(EclipseAppLauncher.java:104)
	at org.eclipse.core.runtime.adaptor.EclipseStarter.run(EclipseStarter.java:388)
	at com.nomagic.osgi.launcher.FrameworkLauncher$DefaultApplication.run(FrameworkLauncher.java:227)
	at com.nomagic.osgi.launcher.FrameworkLauncher.runFrameworkApplication(FrameworkLauncher.java:177)
	at com.nomagic.osgi.launcher.FrameworkLauncher.run(FrameworkLauncher.java:114)
	at com.nomagic.osgi.launcher.FrameworkLauncher.run(FrameworkLauncher.java:93)
	at com.nomagic.osgi.launcher.ProductionFrameworkLauncher.run(ProductionFrameworkLauncher.java:66)
	at com.nomagic.osgi.launcher.ProductionFrameworkLauncher.main(ProductionFrameworkLauncher.java:53)
	at sun.reflect.NativeMethodAccessorImpl.invoke0(Native Method)
	at sun.reflect.NativeMethodAccessorImpl.invoke(NativeMethodAccessorImpl.java:62)
	at sun.reflect.DelegatingMethodAccessorImpl.invoke(DelegatingMethodAccessorImpl.java:43)
	at java.lang.reflect.Method.invoke(Method.java:498)
	at com.nomagic.magicdraw.intellij.Launcher.invokeMainMethod(Launcher.java:343)
	at com.nomagic.magicdraw.intellij.Launcher.launchFramework(Launcher.java:336)
	at com.nomagic.magicdraw.intellij.Launcher.launch(Launcher.java:113)
	at com.nomagic.magicdraw.intellij.Launcher.main(Launcher.java:100)
2019-09-12 21:41:15,894 ERROR main PLUGINS - Failed to create plugin: Model2Pivot
java.lang.ClassNotFoundException: com.renault.dira.api.md.PivotFormatsPlugin
	at java.net.URLClassLoader.findClass(URLClassLoader.java:381)
	at java.lang.ClassLoader.loadClass(ClassLoader.java:424)
	at java.lang.ClassLoader.loadClass(ClassLoader.java:357)
	at java.lang.Class.forName0(Native Method)
	at java.lang.Class.forName(Class.java:348)
	at com.nomagic.magicdraw.plugins.g.A(g.java:379)
	at com.nomagic.magicdraw.core.o.t(o.java:40)
	at com.nomagic.rcpf.product.i.a(i.java:277)
	at com.nomagic.rcpf.product.h.b(h.java:93)
	at com.nomagic.rcpf.product.h.a(h.java:77)
	at com.nomagic.magicdraw.core.Application.internalStart(Application.java:688)
	at com.nomagic.magicdraw.tests.common.TestEnvironment.startMagicDrawUML(TestEnvironment.java:129)
	at com.nomagic.magicdraw.tests.MDTestRunnerUtils.startMagicDraw(MDTestRunnerUtils.java:21)
	at com.nomagic.magicdraw.tests.MagicDrawTestRunner.<init>(MagicDrawTestRunner.java:24)
	at sun.reflect.NativeConstructorAccessorImpl.newInstance0(Native Method)
	at sun.reflect.NativeConstructorAccessorImpl.newInstance(NativeConstructorAccessorImpl.java:62)
	at sun.reflect.DelegatingConstructorAccessorImpl.newInstance(DelegatingConstructorAccessorImpl.java:45)
	at java.lang.reflect.Constructor.newInstance(Constructor.java:423)
	at org.junit.internal.builders.AnnotatedBuilder.buildRunner(AnnotatedBuilder.java:104)
	at org.junit.vintage.engine.discovery.DefensiveAllDefaultPossibilitiesBuilder$DefensiveAnnotatedBuilder.buildRunner(DefensiveAllDefaultPossibilitiesBuilder.java:74)
	at org.junit.internal.builders.AnnotatedBuilder.runnerForClass(AnnotatedBuilder.java:86)
	at org.junit.runners.model.RunnerBuilder.safeRunnerForClass(RunnerBuilder.java:59)
	at org.junit.internal.builders.AllDefaultPossibilitiesBuilder.runnerForClass(AllDefaultPossibilitiesBuilder.java:26)
	at org.junit.runners.model.RunnerBuilder.safeRunnerForClass(RunnerBuilder.java:59)
	at org.junit.vintage.engine.discovery.TestClassRequestResolver.createRunnerTestDescriptor(TestClassRequestResolver.java:54)
	at org.junit.vintage.engine.discovery.VintageDiscoverer.lambda$discover$0(VintageDiscoverer.java:53)
	at java.util.stream.ReferencePipeline$3$1.accept(ReferencePipeline.java:193)
	at java.util.stream.ReferencePipeline$3$1.accept(ReferencePipeline.java:193)
	at java.util.Iterator.forEachRemaining(Iterator.java:116)
	at java.util.Spliterators$IteratorSpliterator.forEachRemaining(Spliterators.java:1801)
	at java.util.stream.AbstractPipeline.copyInto(AbstractPipeline.java:481)
	at java.util.stream.AbstractPipeline.wrapAndCopyInto(AbstractPipeline.java:471)
	at java.util.stream.StreamSpliterators$WrappingSpliterator.forEachRemaining(StreamSpliterators.java:312)
	at java.util.stream.Streams$ConcatSpliterator.forEachRemaining(Streams.java:742)
	at java.util.stream.AbstractPipeline.copyInto(AbstractPipeline.java:481)
	at java.util.stream.AbstractPipeline.wrapAndCopyInto(AbstractPipeline.java:471)
	at java.util.stream.ForEachOps$ForEachOp.evaluateSequential(ForEachOps.java:151)
	at java.util.stream.ForEachOps$ForEachOp$OfRef.evaluateSequential(ForEachOps.java:174)
	at java.util.stream.AbstractPipeline.evaluate(AbstractPipeline.java:234)
	at java.util.stream.ReferencePipeline.forEach(ReferencePipeline.java:418)
	at org.junit.vintage.engine.discovery.VintageDiscoverer.discover(VintageDiscoverer.java:55)
	at org.junit.vintage.engine.VintageTestEngine.discover(VintageTestEngine.java:65)
	at org.junit.platform.launcher.core.DefaultLauncher.discoverEngineRoot(DefaultLauncher.java:130)
	at org.junit.platform.launcher.core.DefaultLauncher.discoverRoot(DefaultLauncher.java:117)
	at org.junit.platform.launcher.core.DefaultLauncher.execute(DefaultLauncher.java:90)
	at com.intellij.junit5.JUnit5IdeaTestRunner.startRunnerWithArgs(JUnit5IdeaTestRunner.java:69)
	at com.intellij.rt.execution.junit.IdeaTestRunner$Repeater.startRunnerWithArgs(IdeaTestRunner.java:47)
	at com.intellij.rt.execution.junit.JUnitStarter.prepareStreamsAndStart(JUnitStarter.java:242)
	at com.intellij.rt.execution.junit.JUnitStarter.main(JUnitStarter.java:70)
	at sun.reflect.NativeMethodAccessorImpl.invoke0(Native Method)
	at sun.reflect.NativeMethodAccessorImpl.invoke(NativeMethodAccessorImpl.java:62)
	at sun.reflect.DelegatingMethodAccessorImpl.invoke(DelegatingMethodAccessorImpl.java:43)
	at java.lang.reflect.Method.invoke(Method.java:498)
	at com.nomagic.magicdraw.MainMethodLauncher.launch(MainMethodLauncher.java:26)
	at com.nomagic.magicdraw.ApplicationGateway.start(ApplicationGateway.java:46)
	at org.eclipse.equinox.internal.app.EclipseAppHandle.run(EclipseAppHandle.java:196)
	at org.eclipse.core.runtime.internal.adaptor.EclipseAppLauncher.runApplication(EclipseAppLauncher.java:134)
	at org.eclipse.core.runtime.internal.adaptor.EclipseAppLauncher.start(EclipseAppLauncher.java:104)
	at org.eclipse.core.runtime.adaptor.EclipseStarter.run(EclipseStarter.java:388)
	at com.nomagic.osgi.launcher.FrameworkLauncher$DefaultApplication.run(FrameworkLauncher.java:227)
	at com.nomagic.osgi.launcher.FrameworkLauncher.runFrameworkApplication(FrameworkLauncher.java:177)
	at com.nomagic.osgi.launcher.FrameworkLauncher.run(FrameworkLauncher.java:114)
	at com.nomagic.osgi.launcher.FrameworkLauncher.run(FrameworkLauncher.java:93)
	at com.nomagic.osgi.launcher.ProductionFrameworkLauncher.run(ProductionFrameworkLauncher.java:66)
	at com.nomagic.osgi.launcher.ProductionFrameworkLauncher.main(ProductionFrameworkLauncher.java:53)
	at sun.reflect.NativeMethodAccessorImpl.invoke0(Native Method)
	at sun.reflect.NativeMethodAccessorImpl.invoke(NativeMethodAccessorImpl.java:62)
	at sun.reflect.DelegatingMethodAccessorImpl.invoke(DelegatingMethodAccessorImpl.java:43)
	at java.lang.reflect.Method.invoke(Method.java:498)
	at com.nomagic.magicdraw.intellij.Launcher.invokeMainMethod(Launcher.java:343)
	at com.nomagic.magicdraw.intellij.Launcher.launchFramework(Launcher.java:336)
	at com.nomagic.magicdraw.intellij.Launcher.launch(Launcher.java:113)
	at com.nomagic.magicdraw.intellij.Launcher.main(Launcher.java:100)
2019-09-12 21:41:16,144 WARN main GUI - NO ICON FOR: group=options name=CODE_ENGINEERING
2019-09-12 21:41:16,295 WARN main GUI - NO ICON FOR: group=options name=REPORT_WIZARD_OPTIONS_GROUP
2019-09-12 21:41:17,793 WARN main GUI - NO ICON FOR: group=options name=options.automaton
2019-09-12 21:41:18,307 WARN main GUI - NO ICON FOR: group=options name=emf.uml2.v4.options.group.id
2019-09-12 21:41:18,318 WARN main GUI - NO ICON FOR: group=options name=emf.uml2.v5.options.group.id
2019-09-12 21:41:18,331 WARN main GUI - NO ICON FOR: group=options name=emf.uml2.v2.options.group.id
2019-09-12 21:41:18,339 WARN main GUI - NO ICON FOR: group=options name=emf.uml2.v3.options.group.id
2019-09-12 21:41:21,555 ERROR pool-MagicDraw-thread-1:Login GENERAL - Invalid host:port (s2326aos.mc2.renault.fr:3579).
com.nomagic.esi.api.messages.exceptions.LoginException: Invalid host:port (s2326aos.mc2.renault.fr:3579).
	at com.nomagic.esi.client.core.a.w.a(w.java:319)
	at com.nomagic.esi.client.core.a.w.open(w.java:279)
	at com.nomagic.esi.client.core.a.v.openSession(v.java:85)
	at com.nomagic.esi.client.core.a.v.openSession(v.java:71)
	at com.nomagic.esi.client.core.a.v.openSession(v.java:65)
	at com.nomagic.magicdraw.esi.session.i.ag(i.java:511)
	at com.nomagic.magicdraw.esi.session.i.Z(i.java:494)
	at com.nomagic.magicdraw.esi.session.i.b(i.java:472)
	at com.nomagic.magicdraw.esi.session.i.a(i.java:444)
	at com.nomagic.magicdraw.esi.session.i.ad(i.java:220)
	at com.nomagic.magicdraw.esi.session.s.a(s.java:255)
	at com.nomagic.magicdraw.esi.session.s.b(s.java:184)
	at com.nomagic.magicdraw.teamwork2.esi.b.esiLogin(b.java:215)
	at com.nomagic.magicdraw.teamwork2.esi.c.esiLogin(c.java:33)
	at com.nomagic.magicdraw.teamwork2.esi.b.login(b.java:69)
	at com.nomagic.magicdraw.teamwork2.esi.l.loginFromOptions(l.java:110)
	at com.nomagic.magicdraw.teamwork2.TeamworkService$LoginTask.execute(TeamworkService.java:235)
	at com.nomagic.task.Task.construct(Task.java:191)
	at com.nomagic.task.SwingWorker$2.call(SwingWorker.java:208)
	at java.util.concurrent.FutureTask.run(FutureTask.java:266)
	at com.nomagic.task.SwingWorker$SwingWorkerFuture.run(SwingWorker.java:594)
	at com.nomagic.task.BackportedThreadPoolExecutor$Worker.runTask(BackportedThreadPoolExecutor.java:1583)
	at com.nomagic.task.BackportedThreadPoolExecutor$Worker.run(BackportedThreadPoolExecutor.java:1614)
	at com.nomagic.task.PooledThread.run(PooledThread.java:64)
Caused by: java.lang.IllegalArgumentException: Address must be resolved.
	at com.nomagic.esi.net.a.r.<init>(r.java:37)
	at com.nomagic.esi.client.core.a.w.a(w.java:316)
	... 23 more
2019-09-12 21:41:22,273 WARN Thread-29 org.apache.axis.utils.JavaUtils - Unable to find required classes (javax.activation.DataHandler and javax.mail.internet.MimeMultipart). Attachment support is disabled.
2019-09-12 21:44:16,777 WARN main GUI - NO ICON FOR: group=options name=HTTP_PROXY
2019-09-12 21:44:19,102 WARN main GUI - NO ICON FOR: group=buttons name=import
2019-09-12 21:44:20,322 ERROR main PLUGINS - Failed to create plugin: My Plug-in 2
java.lang.ClassNotFoundException: myplugin2.MyPlugin2
	at java.net.URLClassLoader.findClass(URLClassLoader.java:381)
	at java.lang.ClassLoader.loadClass(ClassLoader.java:424)
	at java.lang.ClassLoader.loadClass(ClassLoader.java:357)
	at java.lang.Class.forName0(Native Method)
	at java.lang.Class.forName(Class.java:348)
	at com.nomagic.magicdraw.plugins.g.A(g.java:379)
	at com.nomagic.magicdraw.core.o.t(o.java:40)
	at com.nomagic.rcpf.product.i.a(i.java:277)
	at com.nomagic.rcpf.product.h.b(h.java:93)
	at com.nomagic.rcpf.product.h.a(h.java:77)
	at com.nomagic.magicdraw.core.Application.internalStart(Application.java:688)
	at com.nomagic.magicdraw.tests.common.TestEnvironment.startMagicDrawUML(TestEnvironment.java:129)
	at com.nomagic.magicdraw.tests.MDTestRunnerUtils.startMagicDraw(MDTestRunnerUtils.java:21)
	at com.nomagic.magicdraw.tests.MagicDrawTestRunner.<init>(MagicDrawTestRunner.java:24)
	at sun.reflect.NativeConstructorAccessorImpl.newInstance0(Native Method)
	at sun.reflect.NativeConstructorAccessorImpl.newInstance(NativeConstructorAccessorImpl.java:62)
	at sun.reflect.DelegatingConstructorAccessorImpl.newInstance(DelegatingConstructorAccessorImpl.java:45)
	at java.lang.reflect.Constructor.newInstance(Constructor.java:423)
	at org.junit.internal.builders.AnnotatedBuilder.buildRunner(AnnotatedBuilder.java:104)
	at org.junit.vintage.engine.discovery.DefensiveAllDefaultPossibilitiesBuilder$DefensiveAnnotatedBuilder.buildRunner(DefensiveAllDefaultPossibilitiesBuilder.java:74)
	at org.junit.internal.builders.AnnotatedBuilder.runnerForClass(AnnotatedBuilder.java:86)
	at org.junit.runners.model.RunnerBuilder.safeRunnerForClass(RunnerBuilder.java:59)
	at org.junit.internal.builders.AllDefaultPossibilitiesBuilder.runnerForClass(AllDefaultPossibilitiesBuilder.java:26)
	at org.junit.runners.model.RunnerBuilder.safeRunnerForClass(RunnerBuilder.java:59)
	at org.junit.vintage.engine.discovery.TestClassRequestResolver.createRunnerTestDescriptor(TestClassRequestResolver.java:54)
	at org.junit.vintage.engine.discovery.VintageDiscoverer.lambda$discover$0(VintageDiscoverer.java:53)
	at java.util.stream.ReferencePipeline$3$1.accept(ReferencePipeline.java:193)
	at java.util.stream.ReferencePipeline$3$1.accept(ReferencePipeline.java:193)
	at java.util.Iterator.forEachRemaining(Iterator.java:116)
	at java.util.Spliterators$IteratorSpliterator.forEachRemaining(Spliterators.java:1801)
	at java.util.stream.AbstractPipeline.copyInto(AbstractPipeline.java:481)
	at java.util.stream.AbstractPipeline.wrapAndCopyInto(AbstractPipeline.java:471)
	at java.util.stream.StreamSpliterators$WrappingSpliterator.forEachRemaining(StreamSpliterators.java:312)
	at java.util.stream.Streams$ConcatSpliterator.forEachRemaining(Streams.java:742)
	at java.util.stream.AbstractPipeline.copyInto(AbstractPipeline.java:481)
	at java.util.stream.AbstractPipeline.wrapAndCopyInto(AbstractPipeline.java:471)
	at java.util.stream.ForEachOps$ForEachOp.evaluateSequential(ForEachOps.java:151)
	at java.util.stream.ForEachOps$ForEachOp$OfRef.evaluateSequential(ForEachOps.java:174)
	at java.util.stream.AbstractPipeline.evaluate(AbstractPipeline.java:234)
	at java.util.stream.ReferencePipeline.forEach(ReferencePipeline.java:418)
	at org.junit.vintage.engine.discovery.VintageDiscoverer.discover(VintageDiscoverer.java:55)
	at org.junit.vintage.engine.VintageTestEngine.discover(VintageTestEngine.java:65)
	at org.junit.platform.launcher.core.DefaultLauncher.discoverEngineRoot(DefaultLauncher.java:130)
	at org.junit.platform.launcher.core.DefaultLauncher.discoverRoot(DefaultLauncher.java:117)
	at org.junit.platform.launcher.core.DefaultLauncher.execute(DefaultLauncher.java:90)
	at com.intellij.junit5.JUnit5IdeaTestRunner.startRunnerWithArgs(JUnit5IdeaTestRunner.java:69)
	at com.intellij.rt.execution.junit.IdeaTestRunner$Repeater.startRunnerWithArgs(IdeaTestRunner.java:47)
	at com.intellij.rt.execution.junit.JUnitStarter.prepareStreamsAndStart(JUnitStarter.java:242)
	at com.intellij.rt.execution.junit.JUnitStarter.main(JUnitStarter.java:70)
	at sun.reflect.NativeMethodAccessorImpl.invoke0(Native Method)
	at sun.reflect.NativeMethodAccessorImpl.invoke(NativeMethodAccessorImpl.java:62)
	at sun.reflect.DelegatingMethodAccessorImpl.invoke(DelegatingMethodAccessorImpl.java:43)
	at java.lang.reflect.Method.invoke(Method.java:498)
	at com.nomagic.magicdraw.MainMethodLauncher.launch(MainMethodLauncher.java:26)
	at com.nomagic.magicdraw.ApplicationGateway.start(ApplicationGateway.java:46)
	at org.eclipse.equinox.internal.app.EclipseAppHandle.run(EclipseAppHandle.java:196)
	at org.eclipse.core.runtime.internal.adaptor.EclipseAppLauncher.runApplication(EclipseAppLauncher.java:134)
	at org.eclipse.core.runtime.internal.adaptor.EclipseAppLauncher.start(EclipseAppLauncher.java:104)
	at org.eclipse.core.runtime.adaptor.EclipseStarter.run(EclipseStarter.java:388)
	at com.nomagic.osgi.launcher.FrameworkLauncher$DefaultApplication.run(FrameworkLauncher.java:227)
	at com.nomagic.osgi.launcher.FrameworkLauncher.runFrameworkApplication(FrameworkLauncher.java:177)
	at com.nomagic.osgi.launcher.FrameworkLauncher.run(FrameworkLauncher.java:114)
	at com.nomagic.osgi.launcher.FrameworkLauncher.run(FrameworkLauncher.java:93)
	at com.nomagic.osgi.launcher.ProductionFrameworkLauncher.run(ProductionFrameworkLauncher.java:66)
	at com.nomagic.osgi.launcher.ProductionFrameworkLauncher.main(ProductionFrameworkLauncher.java:53)
	at sun.reflect.NativeMethodAccessorImpl.invoke0(Native Method)
	at sun.reflect.NativeMethodAccessorImpl.invoke(NativeMethodAccessorImpl.java:62)
	at sun.reflect.DelegatingMethodAccessorImpl.invoke(DelegatingMethodAccessorImpl.java:43)
	at java.lang.reflect.Method.invoke(Method.java:498)
	at com.nomagic.magicdraw.intellij.Launcher.invokeMainMethod(Launcher.java:343)
	at com.nomagic.magicdraw.intellij.Launcher.launchFramework(Launcher.java:336)
	at com.nomagic.magicdraw.intellij.Launcher.launch(Launcher.java:113)
	at com.nomagic.magicdraw.intellij.Launcher.main(Launcher.java:100)
2019-09-12 21:44:20,441 ERROR main PLUGINS - Failed to create plugin: Model2Pivot
java.lang.ClassNotFoundException: com.renault.dira.api.md.PivotFormatsPlugin
	at java.net.URLClassLoader.findClass(URLClassLoader.java:381)
	at java.lang.ClassLoader.loadClass(ClassLoader.java:424)
	at java.lang.ClassLoader.loadClass(ClassLoader.java:357)
	at java.lang.Class.forName0(Native Method)
	at java.lang.Class.forName(Class.java:348)
	at com.nomagic.magicdraw.plugins.g.A(g.java:379)
	at com.nomagic.magicdraw.core.o.t(o.java:40)
	at com.nomagic.rcpf.product.i.a(i.java:277)
	at com.nomagic.rcpf.product.h.b(h.java:93)
	at com.nomagic.rcpf.product.h.a(h.java:77)
	at com.nomagic.magicdraw.core.Application.internalStart(Application.java:688)
	at com.nomagic.magicdraw.tests.common.TestEnvironment.startMagicDrawUML(TestEnvironment.java:129)
	at com.nomagic.magicdraw.tests.MDTestRunnerUtils.startMagicDraw(MDTestRunnerUtils.java:21)
	at com.nomagic.magicdraw.tests.MagicDrawTestRunner.<init>(MagicDrawTestRunner.java:24)
	at sun.reflect.NativeConstructorAccessorImpl.newInstance0(Native Method)
	at sun.reflect.NativeConstructorAccessorImpl.newInstance(NativeConstructorAccessorImpl.java:62)
	at sun.reflect.DelegatingConstructorAccessorImpl.newInstance(DelegatingConstructorAccessorImpl.java:45)
	at java.lang.reflect.Constructor.newInstance(Constructor.java:423)
	at org.junit.internal.builders.AnnotatedBuilder.buildRunner(AnnotatedBuilder.java:104)
	at org.junit.vintage.engine.discovery.DefensiveAllDefaultPossibilitiesBuilder$DefensiveAnnotatedBuilder.buildRunner(DefensiveAllDefaultPossibilitiesBuilder.java:74)
	at org.junit.internal.builders.AnnotatedBuilder.runnerForClass(AnnotatedBuilder.java:86)
	at org.junit.runners.model.RunnerBuilder.safeRunnerForClass(RunnerBuilder.java:59)
	at org.junit.internal.builders.AllDefaultPossibilitiesBuilder.runnerForClass(AllDefaultPossibilitiesBuilder.java:26)
	at org.junit.runners.model.RunnerBuilder.safeRunnerForClass(RunnerBuilder.java:59)
	at org.junit.vintage.engine.discovery.TestClassRequestResolver.createRunnerTestDescriptor(TestClassRequestResolver.java:54)
	at org.junit.vintage.engine.discovery.VintageDiscoverer.lambda$discover$0(VintageDiscoverer.java:53)
	at java.util.stream.ReferencePipeline$3$1.accept(ReferencePipeline.java:193)
	at java.util.stream.ReferencePipeline$3$1.accept(ReferencePipeline.java:193)
	at java.util.Iterator.forEachRemaining(Iterator.java:116)
	at java.util.Spliterators$IteratorSpliterator.forEachRemaining(Spliterators.java:1801)
	at java.util.stream.AbstractPipeline.copyInto(AbstractPipeline.java:481)
	at java.util.stream.AbstractPipeline.wrapAndCopyInto(AbstractPipeline.java:471)
	at java.util.stream.StreamSpliterators$WrappingSpliterator.forEachRemaining(StreamSpliterators.java:312)
	at java.util.stream.Streams$ConcatSpliterator.forEachRemaining(Streams.java:742)
	at java.util.stream.AbstractPipeline.copyInto(AbstractPipeline.java:481)
	at java.util.stream.AbstractPipeline.wrapAndCopyInto(AbstractPipeline.java:471)
	at java.util.stream.ForEachOps$ForEachOp.evaluateSequential(ForEachOps.java:151)
	at java.util.stream.ForEachOps$ForEachOp$OfRef.evaluateSequential(ForEachOps.java:174)
	at java.util.stream.AbstractPipeline.evaluate(AbstractPipeline.java:234)
	at java.util.stream.ReferencePipeline.forEach(ReferencePipeline.java:418)
	at org.junit.vintage.engine.discovery.VintageDiscoverer.discover(VintageDiscoverer.java:55)
	at org.junit.vintage.engine.VintageTestEngine.discover(VintageTestEngine.java:65)
	at org.junit.platform.launcher.core.DefaultLauncher.discoverEngineRoot(DefaultLauncher.java:130)
	at org.junit.platform.launcher.core.DefaultLauncher.discoverRoot(DefaultLauncher.java:117)
	at org.junit.platform.launcher.core.DefaultLauncher.execute(DefaultLauncher.java:90)
	at com.intellij.junit5.JUnit5IdeaTestRunner.startRunnerWithArgs(JUnit5IdeaTestRunner.java:69)
	at com.intellij.rt.execution.junit.IdeaTestRunner$Repeater.startRunnerWithArgs(IdeaTestRunner.java:47)
	at com.intellij.rt.execution.junit.JUnitStarter.prepareStreamsAndStart(JUnitStarter.java:242)
	at com.intellij.rt.execution.junit.JUnitStarter.main(JUnitStarter.java:70)
	at sun.reflect.NativeMethodAccessorImpl.invoke0(Native Method)
	at sun.reflect.NativeMethodAccessorImpl.invoke(NativeMethodAccessorImpl.java:62)
	at sun.reflect.DelegatingMethodAccessorImpl.invoke(DelegatingMethodAccessorImpl.java:43)
	at java.lang.reflect.Method.invoke(Method.java:498)
	at com.nomagic.magicdraw.MainMethodLauncher.launch(MainMethodLauncher.java:26)
	at com.nomagic.magicdraw.ApplicationGateway.start(ApplicationGateway.java:46)
	at org.eclipse.equinox.internal.app.EclipseAppHandle.run(EclipseAppHandle.java:196)
	at org.eclipse.core.runtime.internal.adaptor.EclipseAppLauncher.runApplication(EclipseAppLauncher.java:134)
	at org.eclipse.core.runtime.internal.adaptor.EclipseAppLauncher.start(EclipseAppLauncher.java:104)
	at org.eclipse.core.runtime.adaptor.EclipseStarter.run(EclipseStarter.java:388)
	at com.nomagic.osgi.launcher.FrameworkLauncher$DefaultApplication.run(FrameworkLauncher.java:227)
	at com.nomagic.osgi.launcher.FrameworkLauncher.runFrameworkApplication(FrameworkLauncher.java:177)
	at com.nomagic.osgi.launcher.FrameworkLauncher.run(FrameworkLauncher.java:114)
	at com.nomagic.osgi.launcher.FrameworkLauncher.run(FrameworkLauncher.java:93)
	at com.nomagic.osgi.launcher.ProductionFrameworkLauncher.run(ProductionFrameworkLauncher.java:66)
	at com.nomagic.osgi.launcher.ProductionFrameworkLauncher.main(ProductionFrameworkLauncher.java:53)
	at sun.reflect.NativeMethodAccessorImpl.invoke0(Native Method)
	at sun.reflect.NativeMethodAccessorImpl.invoke(NativeMethodAccessorImpl.java:62)
	at sun.reflect.DelegatingMethodAccessorImpl.invoke(DelegatingMethodAccessorImpl.java:43)
	at java.lang.reflect.Method.invoke(Method.java:498)
	at com.nomagic.magicdraw.intellij.Launcher.invokeMainMethod(Launcher.java:343)
	at com.nomagic.magicdraw.intellij.Launcher.launchFramework(Launcher.java:336)
	at com.nomagic.magicdraw.intellij.Launcher.launch(Launcher.java:113)
	at com.nomagic.magicdraw.intellij.Launcher.main(Launcher.java:100)
2019-09-12 21:44:20,814 WARN main GUI - NO ICON FOR: group=options name=CODE_ENGINEERING
2019-09-12 21:44:20,953 WARN main GUI - NO ICON FOR: group=options name=REPORT_WIZARD_OPTIONS_GROUP
2019-09-12 21:44:22,385 WARN main GUI - NO ICON FOR: group=options name=options.automaton
2019-09-12 21:44:22,861 WARN main GUI - NO ICON FOR: group=options name=emf.uml2.v4.options.group.id
2019-09-12 21:44:22,870 WARN main GUI - NO ICON FOR: group=options name=emf.uml2.v5.options.group.id
2019-09-12 21:44:22,882 WARN main GUI - NO ICON FOR: group=options name=emf.uml2.v2.options.group.id
2019-09-12 21:44:22,889 WARN main GUI - NO ICON FOR: group=options name=emf.uml2.v3.options.group.id
2019-09-12 21:44:25,861 ERROR pool-MagicDraw-thread-1:Login GENERAL - Invalid host:port (s2326aos.mc2.renault.fr:3579).
com.nomagic.esi.api.messages.exceptions.LoginException: Invalid host:port (s2326aos.mc2.renault.fr:3579).
	at com.nomagic.esi.client.core.a.w.a(w.java:319)
	at com.nomagic.esi.client.core.a.w.open(w.java:279)
	at com.nomagic.esi.client.core.a.v.openSession(v.java:85)
	at com.nomagic.esi.client.core.a.v.openSession(v.java:71)
	at com.nomagic.esi.client.core.a.v.openSession(v.java:65)
	at com.nomagic.magicdraw.esi.session.i.ag(i.java:511)
	at com.nomagic.magicdraw.esi.session.i.Z(i.java:494)
	at com.nomagic.magicdraw.esi.session.i.b(i.java:472)
	at com.nomagic.magicdraw.esi.session.i.a(i.java:444)
	at com.nomagic.magicdraw.esi.session.i.ad(i.java:220)
	at com.nomagic.magicdraw.esi.session.s.a(s.java:255)
	at com.nomagic.magicdraw.esi.session.s.b(s.java:184)
	at com.nomagic.magicdraw.teamwork2.esi.b.esiLogin(b.java:215)
	at com.nomagic.magicdraw.teamwork2.esi.c.esiLogin(c.java:33)
	at com.nomagic.magicdraw.teamwork2.esi.b.login(b.java:69)
	at com.nomagic.magicdraw.teamwork2.esi.l.loginFromOptions(l.java:110)
	at com.nomagic.magicdraw.teamwork2.TeamworkService$LoginTask.execute(TeamworkService.java:235)
	at com.nomagic.task.Task.construct(Task.java:191)
	at com.nomagic.task.SwingWorker$2.call(SwingWorker.java:208)
	at java.util.concurrent.FutureTask.run(FutureTask.java:266)
	at com.nomagic.task.SwingWorker$SwingWorkerFuture.run(SwingWorker.java:594)
	at com.nomagic.task.BackportedThreadPoolExecutor$Worker.runTask(BackportedThreadPoolExecutor.java:1583)
	at com.nomagic.task.BackportedThreadPoolExecutor$Worker.run(BackportedThreadPoolExecutor.java:1614)
	at com.nomagic.task.PooledThread.run(PooledThread.java:64)
Caused by: java.lang.IllegalArgumentException: Address must be resolved.
	at com.nomagic.esi.net.a.r.<init>(r.java:37)
	at com.nomagic.esi.client.core.a.w.a(w.java:316)
	... 23 more
2019-09-12 21:44:26,680 WARN Thread-29 org.apache.axis.utils.JavaUtils - Unable to find required classes (javax.activation.DataHandler and javax.mail.internet.MimeMultipart). Attachment support is disabled.
2019-09-12 21:50:13,495 WARN main GUI - NO ICON FOR: group=options name=HTTP_PROXY
2019-09-12 21:50:15,761 WARN main GUI - NO ICON FOR: group=buttons name=import
2019-09-12 21:50:17,014 ERROR main PLUGINS - Failed to create plugin: My Plug-in 2
java.lang.ClassNotFoundException: myplugin2.MyPlugin2
	at java.net.URLClassLoader.findClass(URLClassLoader.java:381)
	at java.lang.ClassLoader.loadClass(ClassLoader.java:424)
	at java.lang.ClassLoader.loadClass(ClassLoader.java:357)
	at java.lang.Class.forName0(Native Method)
	at java.lang.Class.forName(Class.java:348)
	at com.nomagic.magicdraw.plugins.g.A(g.java:379)
	at com.nomagic.magicdraw.core.o.t(o.java:40)
	at com.nomagic.rcpf.product.i.a(i.java:277)
	at com.nomagic.rcpf.product.h.b(h.java:93)
	at com.nomagic.rcpf.product.h.a(h.java:77)
	at com.nomagic.magicdraw.core.Application.internalStart(Application.java:688)
	at com.nomagic.magicdraw.tests.common.TestEnvironment.startMagicDrawUML(TestEnvironment.java:129)
	at com.nomagic.magicdraw.tests.MDTestRunnerUtils.startMagicDraw(MDTestRunnerUtils.java:21)
	at com.nomagic.magicdraw.tests.MagicDrawTestRunner.<init>(MagicDrawTestRunner.java:24)
	at sun.reflect.NativeConstructorAccessorImpl.newInstance0(Native Method)
	at sun.reflect.NativeConstructorAccessorImpl.newInstance(NativeConstructorAccessorImpl.java:62)
	at sun.reflect.DelegatingConstructorAccessorImpl.newInstance(DelegatingConstructorAccessorImpl.java:45)
	at java.lang.reflect.Constructor.newInstance(Constructor.java:423)
	at org.junit.internal.builders.AnnotatedBuilder.buildRunner(AnnotatedBuilder.java:104)
	at org.junit.vintage.engine.discovery.DefensiveAllDefaultPossibilitiesBuilder$DefensiveAnnotatedBuilder.buildRunner(DefensiveAllDefaultPossibilitiesBuilder.java:74)
	at org.junit.internal.builders.AnnotatedBuilder.runnerForClass(AnnotatedBuilder.java:86)
	at org.junit.runners.model.RunnerBuilder.safeRunnerForClass(RunnerBuilder.java:59)
	at org.junit.internal.builders.AllDefaultPossibilitiesBuilder.runnerForClass(AllDefaultPossibilitiesBuilder.java:26)
	at org.junit.runners.model.RunnerBuilder.safeRunnerForClass(RunnerBuilder.java:59)
	at org.junit.vintage.engine.discovery.TestClassRequestResolver.createRunnerTestDescriptor(TestClassRequestResolver.java:54)
	at org.junit.vintage.engine.discovery.VintageDiscoverer.lambda$discover$0(VintageDiscoverer.java:53)
	at java.util.stream.ReferencePipeline$3$1.accept(ReferencePipeline.java:193)
	at java.util.stream.ReferencePipeline$3$1.accept(ReferencePipeline.java:193)
	at java.util.Iterator.forEachRemaining(Iterator.java:116)
	at java.util.Spliterators$IteratorSpliterator.forEachRemaining(Spliterators.java:1801)
	at java.util.stream.AbstractPipeline.copyInto(AbstractPipeline.java:481)
	at java.util.stream.AbstractPipeline.wrapAndCopyInto(AbstractPipeline.java:471)
	at java.util.stream.StreamSpliterators$WrappingSpliterator.forEachRemaining(StreamSpliterators.java:312)
	at java.util.stream.Streams$ConcatSpliterator.forEachRemaining(Streams.java:742)
	at java.util.stream.AbstractPipeline.copyInto(AbstractPipeline.java:481)
	at java.util.stream.AbstractPipeline.wrapAndCopyInto(AbstractPipeline.java:471)
	at java.util.stream.ForEachOps$ForEachOp.evaluateSequential(ForEachOps.java:151)
	at java.util.stream.ForEachOps$ForEachOp$OfRef.evaluateSequential(ForEachOps.java:174)
	at java.util.stream.AbstractPipeline.evaluate(AbstractPipeline.java:234)
	at java.util.stream.ReferencePipeline.forEach(ReferencePipeline.java:418)
	at org.junit.vintage.engine.discovery.VintageDiscoverer.discover(VintageDiscoverer.java:55)
	at org.junit.vintage.engine.VintageTestEngine.discover(VintageTestEngine.java:65)
	at org.junit.platform.launcher.core.DefaultLauncher.discoverEngineRoot(DefaultLauncher.java:130)
	at org.junit.platform.launcher.core.DefaultLauncher.discoverRoot(DefaultLauncher.java:117)
	at org.junit.platform.launcher.core.DefaultLauncher.execute(DefaultLauncher.java:90)
	at com.intellij.junit5.JUnit5IdeaTestRunner.startRunnerWithArgs(JUnit5IdeaTestRunner.java:69)
	at com.intellij.rt.execution.junit.IdeaTestRunner$Repeater.startRunnerWithArgs(IdeaTestRunner.java:47)
	at com.intellij.rt.execution.junit.JUnitStarter.prepareStreamsAndStart(JUnitStarter.java:242)
	at com.intellij.rt.execution.junit.JUnitStarter.main(JUnitStarter.java:70)
	at sun.reflect.NativeMethodAccessorImpl.invoke0(Native Method)
	at sun.reflect.NativeMethodAccessorImpl.invoke(NativeMethodAccessorImpl.java:62)
	at sun.reflect.DelegatingMethodAccessorImpl.invoke(DelegatingMethodAccessorImpl.java:43)
	at java.lang.reflect.Method.invoke(Method.java:498)
	at com.nomagic.magicdraw.MainMethodLauncher.launch(MainMethodLauncher.java:26)
	at com.nomagic.magicdraw.ApplicationGateway.start(ApplicationGateway.java:46)
	at org.eclipse.equinox.internal.app.EclipseAppHandle.run(EclipseAppHandle.java:196)
	at org.eclipse.core.runtime.internal.adaptor.EclipseAppLauncher.runApplication(EclipseAppLauncher.java:134)
	at org.eclipse.core.runtime.internal.adaptor.EclipseAppLauncher.start(EclipseAppLauncher.java:104)
	at org.eclipse.core.runtime.adaptor.EclipseStarter.run(EclipseStarter.java:388)
	at com.nomagic.osgi.launcher.FrameworkLauncher$DefaultApplication.run(FrameworkLauncher.java:227)
	at com.nomagic.osgi.launcher.FrameworkLauncher.runFrameworkApplication(FrameworkLauncher.java:177)
	at com.nomagic.osgi.launcher.FrameworkLauncher.run(FrameworkLauncher.java:114)
	at com.nomagic.osgi.launcher.FrameworkLauncher.run(FrameworkLauncher.java:93)
	at com.nomagic.osgi.launcher.ProductionFrameworkLauncher.run(ProductionFrameworkLauncher.java:66)
	at com.nomagic.osgi.launcher.ProductionFrameworkLauncher.main(ProductionFrameworkLauncher.java:53)
	at sun.reflect.NativeMethodAccessorImpl.invoke0(Native Method)
	at sun.reflect.NativeMethodAccessorImpl.invoke(NativeMethodAccessorImpl.java:62)
	at sun.reflect.DelegatingMethodAccessorImpl.invoke(DelegatingMethodAccessorImpl.java:43)
	at java.lang.reflect.Method.invoke(Method.java:498)
	at com.nomagic.magicdraw.intellij.Launcher.invokeMainMethod(Launcher.java:343)
	at com.nomagic.magicdraw.intellij.Launcher.launchFramework(Launcher.java:336)
	at com.nomagic.magicdraw.intellij.Launcher.launch(Launcher.java:113)
	at com.nomagic.magicdraw.intellij.Launcher.main(Launcher.java:100)
2019-09-12 21:50:17,148 ERROR main PLUGINS - Failed to create plugin: Model2Pivot
java.lang.ClassNotFoundException: com.renault.dira.api.md.PivotFormatsPlugin
	at java.net.URLClassLoader.findClass(URLClassLoader.java:381)
	at java.lang.ClassLoader.loadClass(ClassLoader.java:424)
	at java.lang.ClassLoader.loadClass(ClassLoader.java:357)
	at java.lang.Class.forName0(Native Method)
	at java.lang.Class.forName(Class.java:348)
	at com.nomagic.magicdraw.plugins.g.A(g.java:379)
	at com.nomagic.magicdraw.core.o.t(o.java:40)
	at com.nomagic.rcpf.product.i.a(i.java:277)
	at com.nomagic.rcpf.product.h.b(h.java:93)
	at com.nomagic.rcpf.product.h.a(h.java:77)
	at com.nomagic.magicdraw.core.Application.internalStart(Application.java:688)
	at com.nomagic.magicdraw.tests.common.TestEnvironment.startMagicDrawUML(TestEnvironment.java:129)
	at com.nomagic.magicdraw.tests.MDTestRunnerUtils.startMagicDraw(MDTestRunnerUtils.java:21)
	at com.nomagic.magicdraw.tests.MagicDrawTestRunner.<init>(MagicDrawTestRunner.java:24)
	at sun.reflect.NativeConstructorAccessorImpl.newInstance0(Native Method)
	at sun.reflect.NativeConstructorAccessorImpl.newInstance(NativeConstructorAccessorImpl.java:62)
	at sun.reflect.DelegatingConstructorAccessorImpl.newInstance(DelegatingConstructorAccessorImpl.java:45)
	at java.lang.reflect.Constructor.newInstance(Constructor.java:423)
	at org.junit.internal.builders.AnnotatedBuilder.buildRunner(AnnotatedBuilder.java:104)
	at org.junit.vintage.engine.discovery.DefensiveAllDefaultPossibilitiesBuilder$DefensiveAnnotatedBuilder.buildRunner(DefensiveAllDefaultPossibilitiesBuilder.java:74)
	at org.junit.internal.builders.AnnotatedBuilder.runnerForClass(AnnotatedBuilder.java:86)
	at org.junit.runners.model.RunnerBuilder.safeRunnerForClass(RunnerBuilder.java:59)
	at org.junit.internal.builders.AllDefaultPossibilitiesBuilder.runnerForClass(AllDefaultPossibilitiesBuilder.java:26)
	at org.junit.runners.model.RunnerBuilder.safeRunnerForClass(RunnerBuilder.java:59)
	at org.junit.vintage.engine.discovery.TestClassRequestResolver.createRunnerTestDescriptor(TestClassRequestResolver.java:54)
	at org.junit.vintage.engine.discovery.VintageDiscoverer.lambda$discover$0(VintageDiscoverer.java:53)
	at java.util.stream.ReferencePipeline$3$1.accept(ReferencePipeline.java:193)
	at java.util.stream.ReferencePipeline$3$1.accept(ReferencePipeline.java:193)
	at java.util.Iterator.forEachRemaining(Iterator.java:116)
	at java.util.Spliterators$IteratorSpliterator.forEachRemaining(Spliterators.java:1801)
	at java.util.stream.AbstractPipeline.copyInto(AbstractPipeline.java:481)
	at java.util.stream.AbstractPipeline.wrapAndCopyInto(AbstractPipeline.java:471)
	at java.util.stream.StreamSpliterators$WrappingSpliterator.forEachRemaining(StreamSpliterators.java:312)
	at java.util.stream.Streams$ConcatSpliterator.forEachRemaining(Streams.java:742)
	at java.util.stream.AbstractPipeline.copyInto(AbstractPipeline.java:481)
	at java.util.stream.AbstractPipeline.wrapAndCopyInto(AbstractPipeline.java:471)
	at java.util.stream.ForEachOps$ForEachOp.evaluateSequential(ForEachOps.java:151)
	at java.util.stream.ForEachOps$ForEachOp$OfRef.evaluateSequential(ForEachOps.java:174)
	at java.util.stream.AbstractPipeline.evaluate(AbstractPipeline.java:234)
	at java.util.stream.ReferencePipeline.forEach(ReferencePipeline.java:418)
	at org.junit.vintage.engine.discovery.VintageDiscoverer.discover(VintageDiscoverer.java:55)
	at org.junit.vintage.engine.VintageTestEngine.discover(VintageTestEngine.java:65)
	at org.junit.platform.launcher.core.DefaultLauncher.discoverEngineRoot(DefaultLauncher.java:130)
	at org.junit.platform.launcher.core.DefaultLauncher.discoverRoot(DefaultLauncher.java:117)
	at org.junit.platform.launcher.core.DefaultLauncher.execute(DefaultLauncher.java:90)
	at com.intellij.junit5.JUnit5IdeaTestRunner.startRunnerWithArgs(JUnit5IdeaTestRunner.java:69)
	at com.intellij.rt.execution.junit.IdeaTestRunner$Repeater.startRunnerWithArgs(IdeaTestRunner.java:47)
	at com.intellij.rt.execution.junit.JUnitStarter.prepareStreamsAndStart(JUnitStarter.java:242)
	at com.intellij.rt.execution.junit.JUnitStarter.main(JUnitStarter.java:70)
	at sun.reflect.NativeMethodAccessorImpl.invoke0(Native Method)
	at sun.reflect.NativeMethodAccessorImpl.invoke(NativeMethodAccessorImpl.java:62)
	at sun.reflect.DelegatingMethodAccessorImpl.invoke(DelegatingMethodAccessorImpl.java:43)
	at java.lang.reflect.Method.invoke(Method.java:498)
	at com.nomagic.magicdraw.MainMethodLauncher.launch(MainMethodLauncher.java:26)
	at com.nomagic.magicdraw.ApplicationGateway.start(ApplicationGateway.java:46)
	at org.eclipse.equinox.internal.app.EclipseAppHandle.run(EclipseAppHandle.java:196)
	at org.eclipse.core.runtime.internal.adaptor.EclipseAppLauncher.runApplication(EclipseAppLauncher.java:134)
	at org.eclipse.core.runtime.internal.adaptor.EclipseAppLauncher.start(EclipseAppLauncher.java:104)
	at org.eclipse.core.runtime.adaptor.EclipseStarter.run(EclipseStarter.java:388)
	at com.nomagic.osgi.launcher.FrameworkLauncher$DefaultApplication.run(FrameworkLauncher.java:227)
	at com.nomagic.osgi.launcher.FrameworkLauncher.runFrameworkApplication(FrameworkLauncher.java:177)
	at com.nomagic.osgi.launcher.FrameworkLauncher.run(FrameworkLauncher.java:114)
	at com.nomagic.osgi.launcher.FrameworkLauncher.run(FrameworkLauncher.java:93)
	at com.nomagic.osgi.launcher.ProductionFrameworkLauncher.run(ProductionFrameworkLauncher.java:66)
	at com.nomagic.osgi.launcher.ProductionFrameworkLauncher.main(ProductionFrameworkLauncher.java:53)
	at sun.reflect.NativeMethodAccessorImpl.invoke0(Native Method)
	at sun.reflect.NativeMethodAccessorImpl.invoke(NativeMethodAccessorImpl.java:62)
	at sun.reflect.DelegatingMethodAccessorImpl.invoke(DelegatingMethodAccessorImpl.java:43)
	at java.lang.reflect.Method.invoke(Method.java:498)
	at com.nomagic.magicdraw.intellij.Launcher.invokeMainMethod(Launcher.java:343)
	at com.nomagic.magicdraw.intellij.Launcher.launchFramework(Launcher.java:336)
	at com.nomagic.magicdraw.intellij.Launcher.launch(Launcher.java:113)
	at com.nomagic.magicdraw.intellij.Launcher.main(Launcher.java:100)
2019-09-12 21:50:17,404 WARN main GUI - NO ICON FOR: group=options name=CODE_ENGINEERING
2019-09-12 21:50:17,534 WARN main GUI - NO ICON FOR: group=options name=REPORT_WIZARD_OPTIONS_GROUP
2019-09-12 21:50:18,907 WARN main GUI - NO ICON FOR: group=options name=options.automaton
2019-09-12 21:50:19,400 WARN main GUI - NO ICON FOR: group=options name=emf.uml2.v4.options.group.id
2019-09-12 21:50:19,410 WARN main GUI - NO ICON FOR: group=options name=emf.uml2.v5.options.group.id
2019-09-12 21:50:19,424 WARN main GUI - NO ICON FOR: group=options name=emf.uml2.v2.options.group.id
2019-09-12 21:50:19,434 WARN main GUI - NO ICON FOR: group=options name=emf.uml2.v3.options.group.id
2019-09-12 21:50:22,727 ERROR pool-MagicDraw-thread-1:Login GENERAL - Invalid host:port (s2326aos.mc2.renault.fr:3579).
com.nomagic.esi.api.messages.exceptions.LoginException: Invalid host:port (s2326aos.mc2.renault.fr:3579).
	at com.nomagic.esi.client.core.a.w.a(w.java:319)
	at com.nomagic.esi.client.core.a.w.open(w.java:279)
	at com.nomagic.esi.client.core.a.v.openSession(v.java:85)
	at com.nomagic.esi.client.core.a.v.openSession(v.java:71)
	at com.nomagic.esi.client.core.a.v.openSession(v.java:65)
	at com.nomagic.magicdraw.esi.session.i.ag(i.java:511)
	at com.nomagic.magicdraw.esi.session.i.Z(i.java:494)
	at com.nomagic.magicdraw.esi.session.i.b(i.java:472)
	at com.nomagic.magicdraw.esi.session.i.a(i.java:444)
	at com.nomagic.magicdraw.esi.session.i.ad(i.java:220)
	at com.nomagic.magicdraw.esi.session.s.a(s.java:255)
	at com.nomagic.magicdraw.esi.session.s.b(s.java:184)
	at com.nomagic.magicdraw.teamwork2.esi.b.esiLogin(b.java:215)
	at com.nomagic.magicdraw.teamwork2.esi.c.esiLogin(c.java:33)
	at com.nomagic.magicdraw.teamwork2.esi.b.login(b.java:69)
	at com.nomagic.magicdraw.teamwork2.esi.l.loginFromOptions(l.java:110)
	at com.nomagic.magicdraw.teamwork2.TeamworkService$LoginTask.execute(TeamworkService.java:235)
	at com.nomagic.task.Task.construct(Task.java:191)
	at com.nomagic.task.SwingWorker$2.call(SwingWorker.java:208)
	at java.util.concurrent.FutureTask.run(FutureTask.java:266)
	at com.nomagic.task.SwingWorker$SwingWorkerFuture.run(SwingWorker.java:594)
	at com.nomagic.task.BackportedThreadPoolExecutor$Worker.runTask(BackportedThreadPoolExecutor.java:1583)
	at com.nomagic.task.BackportedThreadPoolExecutor$Worker.run(BackportedThreadPoolExecutor.java:1614)
	at com.nomagic.task.PooledThread.run(PooledThread.java:64)
Caused by: java.lang.IllegalArgumentException: Address must be resolved.
	at com.nomagic.esi.net.a.r.<init>(r.java:37)
	at com.nomagic.esi.client.core.a.w.a(w.java:316)
	... 23 more
2019-09-12 21:50:23,368 WARN Thread-29 org.apache.axis.utils.JavaUtils - Unable to find required classes (javax.activation.DataHandler and javax.mail.internet.MimeMultipart). Attachment support is disabled.
